
> pressfit@1.0.0 test
> jest

  console.log
    [dotenv@17.2.3] injecting env (1) from .env -- tip: ­ƒôí add observability to secrets: https://dotenvx.com/ops

      at _log (node_modules/dotenv/lib/main.js:142:11)

  console.log
    [dotenv@17.2.3] injecting env (1) from .env -- tip: ­ƒøá´©Å  run anywhere with `dotenvx run -- yourcommand`

      at _log (node_modules/dotenv/lib/main.js:142:11)

  console.log
    [dotenv@17.2.3] injecting env (1) from .env -- tip: ÔÜÖ´©Å  specify custom .env file path with { path: '/custom/path/.env' }

      at _log (node_modules/dotenv/lib/main.js:142:11)

  console.log
    [dotenv@17.2.3] injecting env (1) from .env -- tip: ­ƒöÉ prevent committing .env to code: https://dotenvx.com/precommit

      at _log (node_modules/dotenv/lib/main.js:142:11)

  console.log
    [dotenv@17.2.3] injecting env (1) from .env -- tip: ÔÜÖ´©Å  suppress all logs with { quiet: true }

      at _log (node_modules/dotenv/lib/main.js:142:11)

  console.log
    [dotenv@17.2.3] injecting env (1) from .env -- tip: Ô£à audit secrets and track compliance: https://dotenvx.com/ops

      at _log (node_modules/dotenv/lib/main.js:142:11)

  console.log
    [dotenv@17.2.3] injecting env (1) from .env -- tip: Ô£à audit secrets and track compliance: https://dotenvx.com/ops

      at _log (node_modules/dotenv/lib/main.js:142:11)

  console.log
    [dotenv@17.2.3] injecting env (1) from .env -- tip: Ô£à audit secrets and track compliance: https://dotenvx.com/ops

      at _log (node_modules/dotenv/lib/main.js:142:11)

  console.log
    [dotenv@17.2.3] injecting env (1) from .env -- tip: ÔÜÖ´©Å  suppress all logs with { quiet: true }

      at _log (node_modules/dotenv/lib/main.js:142:11)

  console.log
    [dotenv@17.2.3] injecting env (1) from .env -- tip: ­ƒæÑ sync secrets across teammates & machines: https://dotenvx.com/ops

      at _log (node_modules/dotenv/lib/main.js:142:11)

  console.log
    [MOCK] Inicializando Supabase Client...

      at log (__tests__/setup/testSetup.ts:28:13)

  console.log
    Ô£à [MOCK] Usando SERVICE ROLE KEY (Bypassing RLS)

      at log (__tests__/setup/testSetup.ts:30:17)

  console.log
    [MOCK] Inicializando Supabase Client...

      at log (__tests__/setup/testSetup.ts:28:13)

  console.log
    Ô£à [MOCK] Usando SERVICE ROLE KEY (Bypassing RLS)

      at log (__tests__/setup/testSetup.ts:30:17)

  console.log
    [MOCK] Inicializando Supabase Client...

      at log (__tests__/setup/testSetup.ts:28:13)

  console.log
    Ô£à [MOCK] Usando SERVICE ROLE KEY (Bypassing RLS)

      at log (__tests__/setup/testSetup.ts:30:17)

  console.log
    [MOCK] Inicializando Supabase Client...

      at log (__tests__/setup/testSetup.ts:28:13)

  console.log
    Ô£à [MOCK] Usando SERVICE ROLE KEY (Bypassing RLS)

      at log (__tests__/setup/testSetup.ts:30:17)

  console.log
    [MOCK] Inicializando Supabase Client...

      at log (__tests__/setup/testSetup.ts:28:13)

  console.log
    [MOCK] Inicializando Supabase Client...

      at log (__tests__/setup/testSetup.ts:28:13)

  console.log
    Ô£à [MOCK] Usando SERVICE ROLE KEY (Bypassing RLS)

      at log (__tests__/setup/testSetup.ts:30:17)

  console.log
    Ô£à [MOCK] Usando SERVICE ROLE KEY (Bypassing RLS)

      at log (__tests__/setup/testSetup.ts:30:17)

  console.log
    [MOCK] Inicializando Supabase Client...

      at log (__tests__/setup/testSetup.ts:28:13)

  console.log
    Ô£à [MOCK] Usando SERVICE ROLE KEY (Bypassing RLS)

      at log (__tests__/setup/testSetup.ts:30:17)

  console.log
    [MOCK] Inicializando Supabase Client...

      at log (__tests__/setup/testSetup.ts:28:13)

  console.log
    [MOCK] Inicializando Supabase Client...

      at log (__tests__/setup/testSetup.ts:28:13)

  console.log
    Ô£à [MOCK] Usando SERVICE ROLE KEY (Bypassing RLS)

      at log (__tests__/setup/testSetup.ts:30:17)

  console.log
    Ô£à [MOCK] Usando SERVICE ROLE KEY (Bypassing RLS)

      at log (__tests__/setup/testSetup.ts:30:17)

  console.log
    [MOCK] Inicializando Supabase Client...

      at log (__tests__/setup/testSetup.ts:28:13)

  console.log
    Ô£à [MOCK] Usando SERVICE ROLE KEY (Bypassing RLS)

      at log (__tests__/setup/testSetup.ts:30:17)

  console.log
    [dotenv@17.2.3] injecting env (0) from .env -- tip: ÔÜÖ´©Å  suppress all logs with { quiet: true }

      at _log (node_modules/dotenv/lib/main.js:142:11)

  console.log
    [dotenv@17.2.3] injecting env (0) from .env -- tip: ÔÜÖ´©Å  load multiple .env files with { path: ['.env.local', '.env'] }

      at _log (node_modules/dotenv/lib/main.js:142:11)

  console.log
    ­ƒöä setup: Verificando conexi├│n Supabase...

      at Object.log (__tests__/setup/testSetup.ts:67:17)

  console.log
    [dotenv@17.2.3] injecting env (0) from .env -- tip: Ô£à audit secrets and track compliance: https://dotenvx.com/ops

      at _log (node_modules/dotenv/lib/main.js:142:11)

  console.log
    ­ƒöä setup: Verificando conexi├│n Supabase...

      at Object.log (__tests__/setup/testSetup.ts:67:17)

  console.log
    [dotenv@17.2.3] injecting env (0) from .env -- tip: ÔÜÖ´©Å  load multiple .env files with { path: ['.env.local', '.env'] }

      at _log (node_modules/dotenv/lib/main.js:142:11)

  console.log
    [dotenv@17.2.3] injecting env (0) from .env -- tip: ÔÜÖ´©Å  override existing env vars with { override: true }

      at _log (node_modules/dotenv/lib/main.js:142:11)

  console.log
    [dotenv@17.2.3] injecting env (0) from .env -- tip: ÔÜÖ´©Å  override existing env vars with { override: true }

      at _log (node_modules/dotenv/lib/main.js:142:11)

  console.log
    [dotenv@17.2.3] injecting env (0) from .env -- tip: ­ƒöä add secrets lifecycle management: https://dotenvx.com/ops

      at _log (node_modules/dotenv/lib/main.js:142:11)

  console.log
    ­ƒöä setup: Verificando conexi├│n Supabase...

      at Object.log (__tests__/setup/testSetup.ts:67:17)

  console.log
    [dotenv@17.2.3] injecting env (0) from .env -- tip: ­ƒøá´©Å  run anywhere with `dotenvx run -- yourcommand`

      at _log (node_modules/dotenv/lib/main.js:142:11)

  console.log
    [dotenv@17.2.3] injecting env (0) from .env -- tip: ­ƒùé´©Å backup and recover secrets: https://dotenvx.com/ops

      at _log (node_modules/dotenv/lib/main.js:142:11)

  console.log
    [dotenv@17.2.3] injecting env (0) from .env -- tip: ­ƒöÉ encrypt with Dotenvx: https://dotenvx.com

      at _log (node_modules/dotenv/lib/main.js:142:11)

  console.log
    ­ƒöä setup: Verificando conexi├│n Supabase...

      at Object.log (__tests__/setup/testSetup.ts:67:17)

  console.log
    ­ƒöä setup: Verificando conexi├│n Supabase...

      at Object.log (__tests__/setup/testSetup.ts:67:17)

  console.log
    ­ƒöä setup: Verificando conexi├│n Supabase...

      at Object.log (__tests__/setup/testSetup.ts:67:17)

  console.log
    ­ƒöä setup: Verificando conexi├│n Supabase...

      at Object.log (__tests__/setup/testSetup.ts:67:17)

  console.log
    ­ƒöä setup: Verificando conexi├│n Supabase...

      at Object.log (__tests__/setup/testSetup.ts:67:17)

  console.log
    ­ƒöä setup: Verificando conexi├│n Supabase...

      at Object.log (__tests__/setup/testSetup.ts:67:17)

  console.log
    ­ƒöä setup: Verificando conexi├│n Supabase...

      at Object.log (__tests__/setup/testSetup.ts:67:17)

node.exe : (node:33688) [DEP0040] DeprecationWarning: The `punycode` module is deprecated. Please use a userland alternative instead.
En Z:\Programas\npm.ps1: 29 Carácter: 3
+   & $NODE_EXE $NPM_CLI_JS $args
+   ~~~~~~~~~~~~~~~~~~~~~~~~~~~~~
    + CategoryInfo          : NotSpecified: ((node:33688) [D...native instead.:String) [], RemoteException
    + FullyQualifiedErrorId : NativeCommandError
 
(Use `node --trace-deprecation ...` to show where the warning was created)
(node:40704) [DEP0040] DeprecationWarning: The `punycode` module is deprecated. Please use a userland alternative instead.
(Use `node --trace-deprecation ...` to show where the warning was created)
(node:40844) [DEP0040] DeprecationWarning: The `punycode` module is deprecated. Please use a userland alternative instead.
(Use `node --trace-deprecation ...` to show where the warning was created)
(node:27488) [DEP0040] DeprecationWarning: The `punycode` module is deprecated. Please use a userland alternative instead.
(Use `node --trace-deprecation ...` to show where the warning was created)
(node:39244) [DEP0040] DeprecationWarning: The `punycode` module is deprecated. Please use a userland alternative instead.
(Use `node --trace-deprecation ...` to show where the warning was created)
(node:21112) [DEP0040] DeprecationWarning: The `punycode` module is deprecated. Please use a userland alternative instead.
(Use `node --trace-deprecation ...` to show where the warning was created)
(node:16180) [DEP0040] DeprecationWarning: The `punycode` module is deprecated. Please use a userland alternative instead.
(Use `node --trace-deprecation ...` to show where the warning was created)
(node:29504) [DEP0040] DeprecationWarning: The `punycode` module is deprecated. Please use a userland alternative instead.
(Use `node --trace-deprecation ...` to show where the warning was created)
(node:14676) [DEP0040] DeprecationWarning: The `punycode` module is deprecated. Please use a userland alternative instead.
(Use `node --trace-deprecation ...` to show where the warning was created)
(node:36172) [DEP0040] DeprecationWarning: The `punycode` module is deprecated. Please use a userland alternative instead.
(Use `node --trace-deprecation ...` to show where the warning was created)
  console.log
    Ô£à setup: Conexi├│n OK.

      at Object.log (__tests__/setup/testSetup.ts:74:21)

  console.log
    ­ƒöì setup: Buscando usuario de test (clave: Plantilla_FullBody_Test)...

      at Object.log (__tests__/setup/testSetup.ts:78:17)

  console.log
    Ô£à setup: Conexi├│n OK.

      at Object.log (__tests__/setup/testSetup.ts:74:21)

  console.log
    ­ƒöì setup: Buscando usuario de test (clave: Plantilla_FullBody_Test)...

      at Object.log (__tests__/setup/testSetup.ts:78:17)

  console.log
    Ô£à setup: Conexi├│n OK.

      at Object.log (__tests__/setup/testSetup.ts:74:21)

  console.log
    ­ƒöì setup: Buscando usuario de test (clave: Plantilla_FullBody_Test)...

      at Object.log (__tests__/setup/testSetup.ts:78:17)

  console.log
    Ô£à setup: Conexi├│n OK.

      at Object.log (__tests__/setup/testSetup.ts:74:21)

  console.log
    ­ƒöì setup: Buscando usuario de test (clave: Plantilla_FullBody_Test)...

      at Object.log (__tests__/setup/testSetup.ts:78:17)

  console.log
    Ô£à setup: Conexi├│n OK.

      at Object.log (__tests__/setup/testSetup.ts:74:21)

  console.log
    ­ƒöì setup: Buscando usuario de test (clave: Plantilla_FullBody_Test)...

      at Object.log (__tests__/setup/testSetup.ts:78:17)

  console.log
    Ô£à setup: Conexi├│n OK.

      at Object.log (__tests__/setup/testSetup.ts:74:21)

  console.log
    ­ƒöì setup: Buscando usuario de test (clave: Plantilla_FullBody_Test)...

      at Object.log (__tests__/setup/testSetup.ts:78:17)

  console.log
    Ô£à setup: Conexi├│n OK.

      at Object.log (__tests__/setup/testSetup.ts:74:21)

  console.log
    ­ƒöì setup: Buscando usuario de test (clave: Plantilla_FullBody_Test)...

      at Object.log (__tests__/setup/testSetup.ts:78:17)

  console.log
    Ô£à setup: Conexi├│n OK.

      at Object.log (__tests__/setup/testSetup.ts:74:21)

  console.log
    ­ƒöì setup: Buscando usuario de test (clave: Plantilla_FullBody_Test)...

      at Object.log (__tests__/setup/testSetup.ts:78:17)

  console.log
    Ô£à setup: Conexi├│n OK.

      at Object.log (__tests__/setup/testSetup.ts:74:21)

  console.log
    ­ƒöì setup: Buscando usuario de test (clave: Plantilla_FullBody_Test)...

      at Object.log (__tests__/setup/testSetup.ts:78:17)

  console.log
    Ô£à setup: Conexi├│n OK.

      at Object.log (__tests__/setup/testSetup.ts:74:21)

  console.log
    ­ƒöì setup: Buscando usuario de test (clave: Plantilla_FullBody_Test)...

      at Object.log (__tests__/setup/testSetup.ts:78:17)

  console.log
    Ô£à setup: USUARIO ENCONTRADO: 204efe8a-b79a-41a5-8536-f2feef30e049

      at Object.log (__tests__/setup/testSetup.ts:88:21)

  console.log
    Ô£à setup: USUARIO ENCONTRADO: 204efe8a-b79a-41a5-8536-f2feef30e049

      at Object.log (__tests__/setup/testSetup.ts:88:21)

  console.log
    Ô£à setup: USUARIO ENCONTRADO: 204efe8a-b79a-41a5-8536-f2feef30e049

      at Object.log (__tests__/setup/testSetup.ts:88:21)

  console.log
    Ô£à setup: USUARIO ENCONTRADO: 204efe8a-b79a-41a5-8536-f2feef30e049

      at Object.log (__tests__/setup/testSetup.ts:88:21)

  console.log
    Ô£à setup: USUARIO ENCONTRADO: 204efe8a-b79a-41a5-8536-f2feef30e049

      at Object.log (__tests__/setup/testSetup.ts:88:21)

  console.log
    Ô£à setup: USUARIO ENCONTRADO: 204efe8a-b79a-41a5-8536-f2feef30e049

      at Object.log (__tests__/setup/testSetup.ts:88:21)

  console.log
    Ô£à setup: USUARIO ENCONTRADO: 204efe8a-b79a-41a5-8536-f2feef30e049

      at Object.log (__tests__/setup/testSetup.ts:88:21)

  console.log
    [dotenv@17.2.3] injecting env (0) from .env -- tip: ­ƒöæ add access controls to secrets: https://dotenvx.com/ops

      at _log (node_modules/dotenv/lib/main.js:142:11)

  console.log
    === RESETTING TEST USER DATA ===

      at log (__tests__/setup/resetDB.js:18:13)

  console.log
    Deleting routines for 204efe8a-b79a-41a5-8536-f2feef30e049

      at log (__tests__/setup/resetDB.js:21:17)

PASS __tests__/sanity.test.ts
  Sanity Check
    ÔêÜ should pass without imports (7 ms)

  console.log
    Ô£à setup: USUARIO ENCONTRADO: 204efe8a-b79a-41a5-8536-f2feef30e049

      at Object.log (__tests__/setup/testSetup.ts:88:21)

  console.log
    Ô£à setup: USUARIO ENCONTRADO: 204efe8a-b79a-41a5-8536-f2feef30e049

      at Object.log (__tests__/setup/testSetup.ts:88:21)

  console.log
    Ô£à setup: USUARIO ENCONTRADO: 204efe8a-b79a-41a5-8536-f2feef30e049

      at Object.log (__tests__/setup/testSetup.ts:88:21)

  console.error
    Error fetching weekly routine details: {
      code: 'PGRST116',
      details: 'The result contains 0 rows',
      hint: null,
      message: 'Cannot coerce the result to a single JSON object'
    }

    [0m [90m 77 |[39m             [36mreturn[39m { data[33m,[39m error[33m:[39m [36mnull[39m }[33m;[39m
     [90m 78 |[39m         } [36mcatch[39m (error) {
    [31m[1m>[22m[39m[90m 79 |[39m             console[33m.[39merror([32m'Error fetching weekly routine details:'[39m[33m,[39m error)[33m;[39m
     [90m    |[39m                     [31m[1m^[22m[39m
     [90m 80 |[39m             [36mreturn[39m { data[33m:[39m [36mnull[39m[33m,[39m error }[33m;[39m
     [90m 81 |[39m         }
     [90m 82 |[39m     }[33m,[39m[0m

      at Object.error (src/services/RoutineService.ts:79:21)
      at asyncGeneratorStep (node_modules/@babel/runtime/helpers/asyncToGenerator.js:3:17)
      at _next (node_modules/@babel/runtime/helpers/asyncToGenerator.js:17:9)

  console.error
    Error creating routine from template: Error: Template not found
        at Object.<anonymous> (C:\PressFit\PressFitNew\PressFit_Expo\src\services\RoutineService.ts:706:23)
        at Generator.next (<anonymous>)
        at asyncGeneratorStep (C:\PressFit\PressFitNew\PressFit_Expo\node_modules\@babel\runtime\helpers\asyncToGenerator.js:3:17)
        at _next (C:\PressFit\PressFitNew\PressFit_Expo\node_modules\@babel\runtime\helpers\asyncToGenerator.js:17:9)
        at processTicksAndRejections (node:internal/process/task_queues:105:5)

    [0m [90m 794 |[39m             [36mreturn[39m { data[33m:[39m newRoutine[33m,[39m error[33m:[39m [36mnull[39m }[33m;[39m
     [90m 795 |[39m         } [36mcatch[39m (error) {
    [31m[1m>[22m[39m[90m 796 |[39m             console[33m.[39merror([32m'Error creating routine from template:'[39m[33m,[39m error)[33m;[39m
     [90m     |[39m                     [31m[1m^[22m[39m
     [90m 797 |[39m             [36mreturn[39m { data[33m:[39m [36mnull[39m[33m,[39m error }[33m;[39m
     [90m 798 |[39m         }
     [90m 799 |[39m     }[33m,[39m[0m

      at Object.error (src/services/RoutineService.ts:796:21)
      at asyncGeneratorStep (node_modules/@babel/runtime/helpers/asyncToGenerator.js:3:17)
      at _next (node_modules/@babel/runtime/helpers/asyncToGenerator.js:17:9)

FAIL __tests__/unit/series.test.ts
  Nivel 1: Series
    Crear Serie
      ├ù deber├¡a crear una serie con peso y repeticiones (7 ms)
      ├ù deber├¡a crear una serie vac├¡a (sin datos)
    Leer Serie
      ├ù deber├¡a obtener una serie por ID
    Actualizar Serie
      ├ù deber├¡a actualizar peso y repeticiones
      ├ù deber├¡a permitir actualizar a valores null
    Eliminar Serie
      ├ù deber├¡a eliminar una serie existente

  ÔùÅ Nivel 1: Series ÔÇ║ Crear Serie ÔÇ║ deber├¡a crear una serie con peso y repeticiones

    No se encontr├│ plantilla de test. Ejecuta TEST_USER_INSERT.sql

    [0m [90m 25 |[39m
     [90m 26 |[39m         [36mif[39m ([33m![39mtemplate [33m||[39m [33m![39mtemplate[33m.[39mrutinas_diarias[33m?[39m[33m.[39mlength) {
    [31m[1m>[22m[39m[90m 27 |[39m             [36mthrow[39m [36mnew[39m [33mError[39m([32m'No se encontr├│ plantilla de test. Ejecuta TEST_USER_INSERT.sql'[39m)[33m;[39m
     [90m    |[39m                   [31m[1m^[22m[39m
     [90m 28 |[39m         }
     [90m 29 |[39m
     [90m 30 |[39m         [36mconst[39m diaConEjercicios [33m=[39m template[33m.[39mrutinas_diarias[33m.[39mfind([0m

      at Object.<anonymous> (__tests__/unit/series.test.ts:27:19)
      at asyncGeneratorStep (node_modules/@babel/runtime/helpers/asyncToGenerator.js:3:17)
      at _next (node_modules/@babel/runtime/helpers/asyncToGenerator.js:17:9)

  ÔùÅ Nivel 1: Series ÔÇ║ Crear Serie ÔÇ║ deber├¡a crear una serie vac├¡a (sin datos)

    No se encontr├│ plantilla de test. Ejecuta TEST_USER_INSERT.sql

    [0m [90m 25 |[39m
     [90m 26 |[39m         [36mif[39m ([33m![39mtemplate [33m||[39m [33m![39mtemplate[33m.[39mrutinas_diarias[33m?[39m[33m.[39mlength) {
    [31m[1m>[22m[39m[90m 27 |[39m             [36mthrow[39m [36mnew[39m [33mError[39m([32m'No se encontr├│ plantilla de test. Ejecuta TEST_USER_INSERT.sql'[39m)[33m;[39m
     [90m    |[39m                   [31m[1m^[22m[39m
     [90m 28 |[39m         }
     [90m 29 |[39m
     [90m 30 |[39m         [36mconst[39m diaConEjercicios [33m=[39m template[33m.[39mrutinas_diarias[33m.[39mfind([0m

      at Object.<anonymous> (__tests__/unit/series.test.ts:27:19)
      at asyncGeneratorStep (node_modules/@babel/runtime/helpers/asyncToGenerator.js:3:17)
      at _next (node_modules/@babel/runtime/helpers/asyncToGenerator.js:17:9)

  ÔùÅ Nivel 1: Series ÔÇ║ Leer Serie ÔÇ║ deber├¡a obtener una serie por ID

    No se encontr├│ plantilla de test. Ejecuta TEST_USER_INSERT.sql

    [0m [90m 25 |[39m
     [90m 26 |[39m         [36mif[39m ([33m![39mtemplate [33m||[39m [33m![39mtemplate[33m.[39mrutinas_diarias[33m?[39m[33m.[39mlength) {
    [31m[1m>[22m[39m[90m 27 |[39m             [36mthrow[39m [36mnew[39m [33mError[39m([32m'No se encontr├│ plantilla de test. Ejecuta TEST_USER_INSERT.sql'[39m)[33m;[39m
     [90m    |[39m                   [31m[1m^[22m[39m
     [90m 28 |[39m         }
     [90m 29 |[39m
     [90m 30 |[39m         [36mconst[39m diaConEjercicios [33m=[39m template[33m.[39mrutinas_diarias[33m.[39mfind([0m

      at Object.<anonymous> (__tests__/unit/series.test.ts:27:19)
      at asyncGeneratorStep (node_modules/@babel/runtime/helpers/asyncToGenerator.js:3:17)
      at _next (node_modules/@babel/runtime/helpers/asyncToGenerator.js:17:9)

  ÔùÅ Nivel 1: Series ÔÇ║ Actualizar Serie ÔÇ║ deber├¡a actualizar peso y repeticiones

    No se encontr├│ plantilla de test. Ejecuta TEST_USER_INSERT.sql

    [0m [90m 25 |[39m
     [90m 26 |[39m         [36mif[39m ([33m![39mtemplate [33m||[39m [33m![39mtemplate[33m.[39mrutinas_diarias[33m?[39m[33m.[39mlength) {
    [31m[1m>[22m[39m[90m 27 |[39m             [36mthrow[39m [36mnew[39m [33mError[39m([32m'No se encontr├│ plantilla de test. Ejecuta TEST_USER_INSERT.sql'[39m)[33m;[39m
     [90m    |[39m                   [31m[1m^[22m[39m
     [90m 28 |[39m         }
     [90m 29 |[39m
     [90m 30 |[39m         [36mconst[39m diaConEjercicios [33m=[39m template[33m.[39mrutinas_diarias[33m.[39mfind([0m

      at Object.<anonymous> (__tests__/unit/series.test.ts:27:19)
      at asyncGeneratorStep (node_modules/@babel/runtime/helpers/asyncToGenerator.js:3:17)
      at _next (node_modules/@babel/runtime/helpers/asyncToGenerator.js:17:9)

  ÔùÅ Nivel 1: Series ÔÇ║ Actualizar Serie ÔÇ║ deber├¡a permitir actualizar a valores null

    No se encontr├│ plantilla de test. Ejecuta TEST_USER_INSERT.sql

    [0m [90m 25 |[39m
     [90m 26 |[39m         [36mif[39m ([33m![39mtemplate [33m||[39m [33m![39mtemplate[33m.[39mrutinas_diarias[33m?[39m[33m.[39mlength) {
    [31m[1m>[22m[39m[90m 27 |[39m             [36mthrow[39m [36mnew[39m [33mError[39m([32m'No se encontr├│ plantilla de test. Ejecuta TEST_USER_INSERT.sql'[39m)[33m;[39m
     [90m    |[39m                   [31m[1m^[22m[39m
     [90m 28 |[39m         }
     [90m 29 |[39m
     [90m 30 |[39m         [36mconst[39m diaConEjercicios [33m=[39m template[33m.[39mrutinas_diarias[33m.[39mfind([0m

      at Object.<anonymous> (__tests__/unit/series.test.ts:27:19)
      at asyncGeneratorStep (node_modules/@babel/runtime/helpers/asyncToGenerator.js:3:17)
      at _next (node_modules/@babel/runtime/helpers/asyncToGenerator.js:17:9)

  ÔùÅ Nivel 1: Series ÔÇ║ Eliminar Serie ÔÇ║ deber├¡a eliminar una serie existente

    No se encontr├│ plantilla de test. Ejecuta TEST_USER_INSERT.sql

    [0m [90m 25 |[39m
     [90m 26 |[39m         [36mif[39m ([33m![39mtemplate [33m||[39m [33m![39mtemplate[33m.[39mrutinas_diarias[33m?[39m[33m.[39mlength) {
    [31m[1m>[22m[39m[90m 27 |[39m             [36mthrow[39m [36mnew[39m [33mError[39m([32m'No se encontr├│ plantilla de test. Ejecuta TEST_USER_INSERT.sql'[39m)[33m;[39m
     [90m    |[39m                   [31m[1m^[22m[39m
     [90m 28 |[39m         }
     [90m 29 |[39m
     [90m 30 |[39m         [36mconst[39m diaConEjercicios [33m=[39m template[33m.[39mrutinas_diarias[33m.[39mfind([0m

      at Object.<anonymous> (__tests__/unit/series.test.ts:27:19)
      at asyncGeneratorStep (node_modules/@babel/runtime/helpers/asyncToGenerator.js:3:17)
      at _next (node_modules/@babel/runtime/helpers/asyncToGenerator.js:17:9)

FAIL __tests__/unit/rutinaDiaria.test.ts
  Nivel 3: Rutinas Diarias
    Estados de Rutina Diaria
      ├ù estado PLANTILLA: fecha_dia = null (6 ms)
      ├ù estado PENDIENTE: tiene fecha pero no hora_inicio
      ├ù estado EN_PROGRESO: tiene hora_inicio pero no hora_fin
      ├ù estado COMPLETADA: tiene hora_inicio Y hora_fin
    C├ílculo de Duraci├│n
      ├ù deber├¡a calcular duraci├│n correctamente (75 minutos)
      ├ù deber├¡a calcular duraciones cortas (30 minutos)
      ├ù deber├¡a manejar duraciones largas (120 minutos)
    D├¡as de Rutina Normal con Estados Reales
      ├ù deber├¡a tener un d├¡a COMPLETADO (Lunes)
      ├ù deber├¡a tener un d├¡a EN_PROGRESO (Mi├®rcoles)
      ├ù deber├¡a tener un d├¡a PENDIENTE (Viernes)
    Obtener Rutina Diaria Completa
      ├ù deber├¡a cargar d├¡a con ejercicios y series
      ├ù ejercicios deber├¡an estar ordenados por orden_ejecucion

  ÔùÅ Nivel 3: Rutinas Diarias ÔÇ║ Estados de Rutina Diaria ÔÇ║ estado PLANTILLA: fecha_dia = null

    No se encontr├│ rutina normal de test

    [0m [90m 20 |[39m         rutinaNormal [33m=[39m [36mawait[39m getTestUserNormalRoutine()[33m;[39m
     [90m 21 |[39m         [36mif[39m ([33m![39mrutinaNormal) {
    [31m[1m>[22m[39m[90m 22 |[39m             [36mthrow[39m [36mnew[39m [33mError[39m([32m'No se encontr├│ rutina normal de test'[39m)[33m;[39m
     [90m    |[39m                   [31m[1m^[22m[39m
     [90m 23 |[39m         }
     [90m 24 |[39m     })[33m;[39m
     [90m 25 |[39m[0m

      at Object.<anonymous> (__tests__/unit/rutinaDiaria.test.ts:22:19)
      at asyncGeneratorStep (node_modules/@babel/runtime/helpers/asyncToGenerator.js:3:17)
      at _next (node_modules/@babel/runtime/helpers/asyncToGenerator.js:17:9)

  ÔùÅ Nivel 3: Rutinas Diarias ÔÇ║ Estados de Rutina Diaria ÔÇ║ estado PENDIENTE: tiene fecha pero no hora_inicio

    No se encontr├│ rutina normal de test

    [0m [90m 20 |[39m         rutinaNormal [33m=[39m [36mawait[39m getTestUserNormalRoutine()[33m;[39m
     [90m 21 |[39m         [36mif[39m ([33m![39mrutinaNormal) {
    [31m[1m>[22m[39m[90m 22 |[39m             [36mthrow[39m [36mnew[39m [33mError[39m([32m'No se encontr├│ rutina normal de test'[39m)[33m;[39m
     [90m    |[39m                   [31m[1m^[22m[39m
     [90m 23 |[39m         }
     [90m 24 |[39m     })[33m;[39m
     [90m 25 |[39m[0m

      at Object.<anonymous> (__tests__/unit/rutinaDiaria.test.ts:22:19)
      at asyncGeneratorStep (node_modules/@babel/runtime/helpers/asyncToGenerator.js:3:17)
      at _next (node_modules/@babel/runtime/helpers/asyncToGenerator.js:17:9)

  ÔùÅ Nivel 3: Rutinas Diarias ÔÇ║ Estados de Rutina Diaria ÔÇ║ estado EN_PROGRESO: tiene hora_inicio pero no hora_fin

    No se encontr├│ rutina normal de test

    [0m [90m 20 |[39m         rutinaNormal [33m=[39m [36mawait[39m getTestUserNormalRoutine()[33m;[39m
     [90m 21 |[39m         [36mif[39m ([33m![39mrutinaNormal) {
    [31m[1m>[22m[39m[90m 22 |[39m             [36mthrow[39m [36mnew[39m [33mError[39m([32m'No se encontr├│ rutina normal de test'[39m)[33m;[39m
     [90m    |[39m                   [31m[1m^[22m[39m
     [90m 23 |[39m         }
     [90m 24 |[39m     })[33m;[39m
     [90m 25 |[39m[0m

      at Object.<anonymous> (__tests__/unit/rutinaDiaria.test.ts:22:19)
      at asyncGeneratorStep (node_modules/@babel/runtime/helpers/asyncToGenerator.js:3:17)
      at _next (node_modules/@babel/runtime/helpers/asyncToGenerator.js:17:9)

  ÔùÅ Nivel 3: Rutinas Diarias ÔÇ║ Estados de Rutina Diaria ÔÇ║ estado COMPLETADA: tiene hora_inicio Y hora_fin

    No se encontr├│ rutina normal de test

    [0m [90m 20 |[39m         rutinaNormal [33m=[39m [36mawait[39m getTestUserNormalRoutine()[33m;[39m
     [90m 21 |[39m         [36mif[39m ([33m![39mrutinaNormal) {
    [31m[1m>[22m[39m[90m 22 |[39m             [36mthrow[39m [36mnew[39m [33mError[39m([32m'No se encontr├│ rutina normal de test'[39m)[33m;[39m
     [90m    |[39m                   [31m[1m^[22m[39m
     [90m 23 |[39m         }
     [90m 24 |[39m     })[33m;[39m
     [90m 25 |[39m[0m

      at Object.<anonymous> (__tests__/unit/rutinaDiaria.test.ts:22:19)
      at asyncGeneratorStep (node_modules/@babel/runtime/helpers/asyncToGenerator.js:3:17)
      at _next (node_modules/@babel/runtime/helpers/asyncToGenerator.js:17:9)

  ÔùÅ Nivel 3: Rutinas Diarias ÔÇ║ C├ílculo de Duraci├│n ÔÇ║ deber├¡a calcular duraci├│n correctamente (75 minutos)

    No se encontr├│ rutina normal de test

    [0m [90m 20 |[39m         rutinaNormal [33m=[39m [36mawait[39m getTestUserNormalRoutine()[33m;[39m
     [90m 21 |[39m         [36mif[39m ([33m![39mrutinaNormal) {
    [31m[1m>[22m[39m[90m 22 |[39m             [36mthrow[39m [36mnew[39m [33mError[39m([32m'No se encontr├│ rutina normal de test'[39m)[33m;[39m
     [90m    |[39m                   [31m[1m^[22m[39m
     [90m 23 |[39m         }
     [90m 24 |[39m     })[33m;[39m
     [90m 25 |[39m[0m

      at Object.<anonymous> (__tests__/unit/rutinaDiaria.test.ts:22:19)
      at asyncGeneratorStep (node_modules/@babel/runtime/helpers/asyncToGenerator.js:3:17)
      at _next (node_modules/@babel/runtime/helpers/asyncToGenerator.js:17:9)

  ÔùÅ Nivel 3: Rutinas Diarias ÔÇ║ C├ílculo de Duraci├│n ÔÇ║ deber├¡a calcular duraciones cortas (30 minutos)

    No se encontr├│ rutina normal de test

    [0m [90m 20 |[39m         rutinaNormal [33m=[39m [36mawait[39m getTestUserNormalRoutine()[33m;[39m
     [90m 21 |[39m         [36mif[39m ([33m![39mrutinaNormal) {
    [31m[1m>[22m[39m[90m 22 |[39m             [36mthrow[39m [36mnew[39m [33mError[39m([32m'No se encontr├│ rutina normal de test'[39m)[33m;[39m
     [90m    |[39m                   [31m[1m^[22m[39m
     [90m 23 |[39m         }
     [90m 24 |[39m     })[33m;[39m
     [90m 25 |[39m[0m

      at Object.<anonymous> (__tests__/unit/rutinaDiaria.test.ts:22:19)
      at asyncGeneratorStep (node_modules/@babel/runtime/helpers/asyncToGenerator.js:3:17)
      at _next (node_modules/@babel/runtime/helpers/asyncToGenerator.js:17:9)

  ÔùÅ Nivel 3: Rutinas Diarias ÔÇ║ C├ílculo de Duraci├│n ÔÇ║ deber├¡a manejar duraciones largas (120 minutos)

    No se encontr├│ rutina normal de test

    [0m [90m 20 |[39m         rutinaNormal [33m=[39m [36mawait[39m getTestUserNormalRoutine()[33m;[39m
     [90m 21 |[39m         [36mif[39m ([33m![39mrutinaNormal) {
    [31m[1m>[22m[39m[90m 22 |[39m             [36mthrow[39m [36mnew[39m [33mError[39m([32m'No se encontr├│ rutina normal de test'[39m)[33m;[39m
     [90m    |[39m                   [31m[1m^[22m[39m
     [90m 23 |[39m         }
     [90m 24 |[39m     })[33m;[39m
     [90m 25 |[39m[0m

      at Object.<anonymous> (__tests__/unit/rutinaDiaria.test.ts:22:19)
      at asyncGeneratorStep (node_modules/@babel/runtime/helpers/asyncToGenerator.js:3:17)
      at _next (node_modules/@babel/runtime/helpers/asyncToGenerator.js:17:9)

  ÔùÅ Nivel 3: Rutinas Diarias ÔÇ║ D├¡as de Rutina Normal con Estados Reales ÔÇ║ deber├¡a tener un d├¡a COMPLETADO (Lunes)

    No se encontr├│ rutina normal de test

    [0m [90m 20 |[39m         rutinaNormal [33m=[39m [36mawait[39m getTestUserNormalRoutine()[33m;[39m
     [90m 21 |[39m         [36mif[39m ([33m![39mrutinaNormal) {
    [31m[1m>[22m[39m[90m 22 |[39m             [36mthrow[39m [36mnew[39m [33mError[39m([32m'No se encontr├│ rutina normal de test'[39m)[33m;[39m
     [90m    |[39m                   [31m[1m^[22m[39m
     [90m 23 |[39m         }
     [90m 24 |[39m     })[33m;[39m
     [90m 25 |[39m[0m

      at Object.<anonymous> (__tests__/unit/rutinaDiaria.test.ts:22:19)
      at asyncGeneratorStep (node_modules/@babel/runtime/helpers/asyncToGenerator.js:3:17)
      at _next (node_modules/@babel/runtime/helpers/asyncToGenerator.js:17:9)

  ÔùÅ Nivel 3: Rutinas Diarias ÔÇ║ D├¡as de Rutina Normal con Estados Reales ÔÇ║ deber├¡a tener un d├¡a EN_PROGRESO (Mi├®rcoles)

    No se encontr├│ rutina normal de test

    [0m [90m 20 |[39m         rutinaNormal [33m=[39m [36mawait[39m getTestUserNormalRoutine()[33m;[39m
     [90m 21 |[39m         [36mif[39m ([33m![39mrutinaNormal) {
    [31m[1m>[22m[39m[90m 22 |[39m             [36mthrow[39m [36mnew[39m [33mError[39m([32m'No se encontr├│ rutina normal de test'[39m)[33m;[39m
     [90m    |[39m                   [31m[1m^[22m[39m
     [90m 23 |[39m         }
     [90m 24 |[39m     })[33m;[39m
     [90m 25 |[39m[0m

      at Object.<anonymous> (__tests__/unit/rutinaDiaria.test.ts:22:19)
      at asyncGeneratorStep (node_modules/@babel/runtime/helpers/asyncToGenerator.js:3:17)
      at _next (node_modules/@babel/runtime/helpers/asyncToGenerator.js:17:9)

  ÔùÅ Nivel 3: Rutinas Diarias ÔÇ║ D├¡as de Rutina Normal con Estados Reales ÔÇ║ deber├¡a tener un d├¡a PENDIENTE (Viernes)

    No se encontr├│ rutina normal de test

    [0m [90m 20 |[39m         rutinaNormal [33m=[39m [36mawait[39m getTestUserNormalRoutine()[33m;[39m
     [90m 21 |[39m         [36mif[39m ([33m![39mrutinaNormal) {
    [31m[1m>[22m[39m[90m 22 |[39m             [36mthrow[39m [36mnew[39m [33mError[39m([32m'No se encontr├│ rutina normal de test'[39m)[33m;[39m
     [90m    |[39m                   [31m[1m^[22m[39m
     [90m 23 |[39m         }
     [90m 24 |[39m     })[33m;[39m
     [90m 25 |[39m[0m

      at Object.<anonymous> (__tests__/unit/rutinaDiaria.test.ts:22:19)
      at asyncGeneratorStep (node_modules/@babel/runtime/helpers/asyncToGenerator.js:3:17)
      at _next (node_modules/@babel/runtime/helpers/asyncToGenerator.js:17:9)

  ÔùÅ Nivel 3: Rutinas Diarias ÔÇ║ Obtener Rutina Diaria Completa ÔÇ║ deber├¡a cargar d├¡a con ejercicios y series

    No se encontr├│ rutina normal de test

    [0m [90m 20 |[39m         rutinaNormal [33m=[39m [36mawait[39m getTestUserNormalRoutine()[33m;[39m
     [90m 21 |[39m         [36mif[39m ([33m![39mrutinaNormal) {
    [31m[1m>[22m[39m[90m 22 |[39m             [36mthrow[39m [36mnew[39m [33mError[39m([32m'No se encontr├│ rutina normal de test'[39m)[33m;[39m
     [90m    |[39m                   [31m[1m^[22m[39m
     [90m 23 |[39m         }
     [90m 24 |[39m     })[33m;[39m
     [90m 25 |[39m[0m

      at Object.<anonymous> (__tests__/unit/rutinaDiaria.test.ts:22:19)
      at asyncGeneratorStep (node_modules/@babel/runtime/helpers/asyncToGenerator.js:3:17)
      at _next (node_modules/@babel/runtime/helpers/asyncToGenerator.js:17:9)

  ÔùÅ Nivel 3: Rutinas Diarias ÔÇ║ Obtener Rutina Diaria Completa ÔÇ║ ejercicios deber├¡an estar ordenados por orden_ejecucion

    No se encontr├│ rutina normal de test

    [0m [90m 20 |[39m         rutinaNormal [33m=[39m [36mawait[39m getTestUserNormalRoutine()[33m;[39m
     [90m 21 |[39m         [36mif[39m ([33m![39mrutinaNormal) {
    [31m[1m>[22m[39m[90m 22 |[39m             [36mthrow[39m [36mnew[39m [33mError[39m([32m'No se encontr├│ rutina normal de test'[39m)[33m;[39m
     [90m    |[39m                   [31m[1m^[22m[39m
     [90m 23 |[39m         }
     [90m 24 |[39m     })[33m;[39m
     [90m 25 |[39m[0m

      at Object.<anonymous> (__tests__/unit/rutinaDiaria.test.ts:22:19)
      at asyncGeneratorStep (node_modules/@babel/runtime/helpers/asyncToGenerator.js:3:17)
      at _next (node_modules/@babel/runtime/helpers/asyncToGenerator.js:17:9)

FAIL __tests__/unit/rutinaSemanal.test.ts
  Nivel 4: Rutinas Semanales
    Tipos de Rutinas
      ├ù plantilla debe tener es_plantilla = true (6 ms)
      ├ù rutina normal debe tener es_plantilla = false
      ├ù plantilla NO debe tener fecha_inicio_semana
      ├ù rutina normal DEBE tener fecha_inicio_semana
    Nomenclatura de Plantillas
      ├ù nombre de plantilla debe empezar con "Plantilla_"
      ├ù nombre de rutina normal NO debe empezar con "Plantilla_"
    Campo copiada_de_id
      ├ù plantilla NO debe tener copiada_de_id
      ├ù rutina normal creada desde plantilla DEBE tener copiada_de_id
      ├ù copiada_de_id debe referenciar a la plantilla correcta
    C├ílculo de Lunes de Semana
      ├ù getMondayOfCurrentWeek debe retornar formato YYYY-MM-DD
      ├ù el d├¡a retornado debe ser lunes (d├¡a 1)
      ├ù fecha_inicio_semana debe ser un lunes
    Estructura de D├¡as
      ├ù plantilla debe tener 7 d├¡as
      ├ù rutina normal debe tener 7 d├¡as
      ├ù d├¡as de plantilla deben tener fecha_dia = null
      ├ù d├¡as de rutina normal deben tener fecha_dia definida
    Obtener Rutina Completa
      ├ù deber├¡a cargar rutina semanal con toda su jerarqu├¡a
    Listado de Rutinas del Usuario
      ├ù deber├¡a obtener todas las rutinas del usuario de test
      ├ù deber├¡a haber exactamente 1 plantilla y al menos 1 rutina normal

  ÔùÅ Nivel 4: Rutinas Semanales ÔÇ║ Tipos de Rutinas ÔÇ║ plantilla debe tener es_plantilla = true

    No se encontr├│ rutina normal de test

    [0m [90m 24 |[39m
     [90m 25 |[39m         [36mif[39m ([33m![39mtemplate) [36mthrow[39m [36mnew[39m [33mError[39m([32m'No se encontr├│ plantilla de test'[39m)[33m;[39m
    [31m[1m>[22m[39m[90m 26 |[39m         [36mif[39m ([33m![39mrutinaNormal) [36mthrow[39m [36mnew[39m [33mError[39m([32m'No se encontr├│ rutina normal de test'[39m)[33m;[39m
     [90m    |[39m                                  [31m[1m^[22m[39m
     [90m 27 |[39m     })[33m;[39m
     [90m 28 |[39m
     [90m 29 |[39m     describe([32m'Tipos de Rutinas'[39m[33m,[39m () [33m=>[39m {[0m

      at Object.<anonymous> (__tests__/unit/rutinaSemanal.test.ts:26:34)
      at asyncGeneratorStep (node_modules/@babel/runtime/helpers/asyncToGenerator.js:3:17)
      at _next (node_modules/@babel/runtime/helpers/asyncToGenerator.js:17:9)

  ÔùÅ Nivel 4: Rutinas Semanales ÔÇ║ Tipos de Rutinas ÔÇ║ rutina normal debe tener es_plantilla = false

    No se encontr├│ rutina normal de test

    [0m [90m 24 |[39m
     [90m 25 |[39m         [36mif[39m ([33m![39mtemplate) [36mthrow[39m [36mnew[39m [33mError[39m([32m'No se encontr├│ plantilla de test'[39m)[33m;[39m
    [31m[1m>[22m[39m[90m 26 |[39m         [36mif[39m ([33m![39mrutinaNormal) [36mthrow[39m [36mnew[39m [33mError[39m([32m'No se encontr├│ rutina normal de test'[39m)[33m;[39m
     [90m    |[39m                                  [31m[1m^[22m[39m
     [90m 27 |[39m     })[33m;[39m
     [90m 28 |[39m
     [90m 29 |[39m     describe([32m'Tipos de Rutinas'[39m[33m,[39m () [33m=>[39m {[0m

      at Object.<anonymous> (__tests__/unit/rutinaSemanal.test.ts:26:34)
      at asyncGeneratorStep (node_modules/@babel/runtime/helpers/asyncToGenerator.js:3:17)
      at _next (node_modules/@babel/runtime/helpers/asyncToGenerator.js:17:9)

  ÔùÅ Nivel 4: Rutinas Semanales ÔÇ║ Tipos de Rutinas ÔÇ║ plantilla NO debe tener fecha_inicio_semana

    No se encontr├│ rutina normal de test

    [0m [90m 24 |[39m
     [90m 25 |[39m         [36mif[39m ([33m![39mtemplate) [36mthrow[39m [36mnew[39m [33mError[39m([32m'No se encontr├│ plantilla de test'[39m)[33m;[39m
    [31m[1m>[22m[39m[90m 26 |[39m         [36mif[39m ([33m![39mrutinaNormal) [36mthrow[39m [36mnew[39m [33mError[39m([32m'No se encontr├│ rutina normal de test'[39m)[33m;[39m
     [90m    |[39m                                  [31m[1m^[22m[39m
     [90m 27 |[39m     })[33m;[39m
     [90m 28 |[39m
     [90m 29 |[39m     describe([32m'Tipos de Rutinas'[39m[33m,[39m () [33m=>[39m {[0m

      at Object.<anonymous> (__tests__/unit/rutinaSemanal.test.ts:26:34)
      at asyncGeneratorStep (node_modules/@babel/runtime/helpers/asyncToGenerator.js:3:17)
      at _next (node_modules/@babel/runtime/helpers/asyncToGenerator.js:17:9)

  ÔùÅ Nivel 4: Rutinas Semanales ÔÇ║ Tipos de Rutinas ÔÇ║ rutina normal DEBE tener fecha_inicio_semana

    No se encontr├│ rutina normal de test

    [0m [90m 24 |[39m
     [90m 25 |[39m         [36mif[39m ([33m![39mtemplate) [36mthrow[39m [36mnew[39m [33mError[39m([32m'No se encontr├│ plantilla de test'[39m)[33m;[39m
    [31m[1m>[22m[39m[90m 26 |[39m         [36mif[39m ([33m![39mrutinaNormal) [36mthrow[39m [36mnew[39m [33mError[39m([32m'No se encontr├│ rutina normal de test'[39m)[33m;[39m
     [90m    |[39m                                  [31m[1m^[22m[39m
     [90m 27 |[39m     })[33m;[39m
     [90m 28 |[39m
     [90m 29 |[39m     describe([32m'Tipos de Rutinas'[39m[33m,[39m () [33m=>[39m {[0m

      at Object.<anonymous> (__tests__/unit/rutinaSemanal.test.ts:26:34)
      at asyncGeneratorStep (node_modules/@babel/runtime/helpers/asyncToGenerator.js:3:17)
      at _next (node_modules/@babel/runtime/helpers/asyncToGenerator.js:17:9)

  ÔùÅ Nivel 4: Rutinas Semanales ÔÇ║ Nomenclatura de Plantillas ÔÇ║ nombre de plantilla debe empezar con "Plantilla_"

    No se encontr├│ rutina normal de test

    [0m [90m 24 |[39m
     [90m 25 |[39m         [36mif[39m ([33m![39mtemplate) [36mthrow[39m [36mnew[39m [33mError[39m([32m'No se encontr├│ plantilla de test'[39m)[33m;[39m
    [31m[1m>[22m[39m[90m 26 |[39m         [36mif[39m ([33m![39mrutinaNormal) [36mthrow[39m [36mnew[39m [33mError[39m([32m'No se encontr├│ rutina normal de test'[39m)[33m;[39m
     [90m    |[39m                                  [31m[1m^[22m[39m
     [90m 27 |[39m     })[33m;[39m
     [90m 28 |[39m
     [90m 29 |[39m     describe([32m'Tipos de Rutinas'[39m[33m,[39m () [33m=>[39m {[0m

      at Object.<anonymous> (__tests__/unit/rutinaSemanal.test.ts:26:34)
      at asyncGeneratorStep (node_modules/@babel/runtime/helpers/asyncToGenerator.js:3:17)
      at _next (node_modules/@babel/runtime/helpers/asyncToGenerator.js:17:9)

  ÔùÅ Nivel 4: Rutinas Semanales ÔÇ║ Nomenclatura de Plantillas ÔÇ║ nombre de rutina normal NO debe empezar con "Plantilla_"

    No se encontr├│ rutina normal de test

    [0m [90m 24 |[39m
     [90m 25 |[39m         [36mif[39m ([33m![39mtemplate) [36mthrow[39m [36mnew[39m [33mError[39m([32m'No se encontr├│ plantilla de test'[39m)[33m;[39m
    [31m[1m>[22m[39m[90m 26 |[39m         [36mif[39m ([33m![39mrutinaNormal) [36mthrow[39m [36mnew[39m [33mError[39m([32m'No se encontr├│ rutina normal de test'[39m)[33m;[39m
     [90m    |[39m                                  [31m[1m^[22m[39m
     [90m 27 |[39m     })[33m;[39m
     [90m 28 |[39m
     [90m 29 |[39m     describe([32m'Tipos de Rutinas'[39m[33m,[39m () [33m=>[39m {[0m

      at Object.<anonymous> (__tests__/unit/rutinaSemanal.test.ts:26:34)
      at asyncGeneratorStep (node_modules/@babel/runtime/helpers/asyncToGenerator.js:3:17)
      at _next (node_modules/@babel/runtime/helpers/asyncToGenerator.js:17:9)

  ÔùÅ Nivel 4: Rutinas Semanales ÔÇ║ Campo copiada_de_id ÔÇ║ plantilla NO debe tener copiada_de_id

    No se encontr├│ rutina normal de test

    [0m [90m 24 |[39m
     [90m 25 |[39m         [36mif[39m ([33m![39mtemplate) [36mthrow[39m [36mnew[39m [33mError[39m([32m'No se encontr├│ plantilla de test'[39m)[33m;[39m
    [31m[1m>[22m[39m[90m 26 |[39m         [36mif[39m ([33m![39mrutinaNormal) [36mthrow[39m [36mnew[39m [33mError[39m([32m'No se encontr├│ rutina normal de test'[39m)[33m;[39m
     [90m    |[39m                                  [31m[1m^[22m[39m
     [90m 27 |[39m     })[33m;[39m
     [90m 28 |[39m
     [90m 29 |[39m     describe([32m'Tipos de Rutinas'[39m[33m,[39m () [33m=>[39m {[0m

      at Object.<anonymous> (__tests__/unit/rutinaSemanal.test.ts:26:34)
      at asyncGeneratorStep (node_modules/@babel/runtime/helpers/asyncToGenerator.js:3:17)
      at _next (node_modules/@babel/runtime/helpers/asyncToGenerator.js:17:9)

  ÔùÅ Nivel 4: Rutinas Semanales ÔÇ║ Campo copiada_de_id ÔÇ║ rutina normal creada desde plantilla DEBE tener copiada_de_id

    No se encontr├│ rutina normal de test

    [0m [90m 24 |[39m
     [90m 25 |[39m         [36mif[39m ([33m![39mtemplate) [36mthrow[39m [36mnew[39m [33mError[39m([32m'No se encontr├│ plantilla de test'[39m)[33m;[39m
    [31m[1m>[22m[39m[90m 26 |[39m         [36mif[39m ([33m![39mrutinaNormal) [36mthrow[39m [36mnew[39m [33mError[39m([32m'No se encontr├│ rutina normal de test'[39m)[33m;[39m
     [90m    |[39m                                  [31m[1m^[22m[39m
     [90m 27 |[39m     })[33m;[39m
     [90m 28 |[39m
     [90m 29 |[39m     describe([32m'Tipos de Rutinas'[39m[33m,[39m () [33m=>[39m {[0m

      at Object.<anonymous> (__tests__/unit/rutinaSemanal.test.ts:26:34)
      at asyncGeneratorStep (node_modules/@babel/runtime/helpers/asyncToGenerator.js:3:17)
      at _next (node_modules/@babel/runtime/helpers/asyncToGenerator.js:17:9)

  ÔùÅ Nivel 4: Rutinas Semanales ÔÇ║ Campo copiada_de_id ÔÇ║ copiada_de_id debe referenciar a la plantilla correcta

    No se encontr├│ rutina normal de test

    [0m [90m 24 |[39m
     [90m 25 |[39m         [36mif[39m ([33m![39mtemplate) [36mthrow[39m [36mnew[39m [33mError[39m([32m'No se encontr├│ plantilla de test'[39m)[33m;[39m
    [31m[1m>[22m[39m[90m 26 |[39m         [36mif[39m ([33m![39mrutinaNormal) [36mthrow[39m [36mnew[39m [33mError[39m([32m'No se encontr├│ rutina normal de test'[39m)[33m;[39m
     [90m    |[39m                                  [31m[1m^[22m[39m
     [90m 27 |[39m     })[33m;[39m
     [90m 28 |[39m
     [90m 29 |[39m     describe([32m'Tipos de Rutinas'[39m[33m,[39m () [33m=>[39m {[0m

      at Object.<anonymous> (__tests__/unit/rutinaSemanal.test.ts:26:34)
      at asyncGeneratorStep (node_modules/@babel/runtime/helpers/asyncToGenerator.js:3:17)
      at _next (node_modules/@babel/runtime/helpers/asyncToGenerator.js:17:9)

  ÔùÅ Nivel 4: Rutinas Semanales ÔÇ║ C├ílculo de Lunes de Semana ÔÇ║ getMondayOfCurrentWeek debe retornar formato YYYY-MM-DD

    No se encontr├│ rutina normal de test

    [0m [90m 24 |[39m
     [90m 25 |[39m         [36mif[39m ([33m![39mtemplate) [36mthrow[39m [36mnew[39m [33mError[39m([32m'No se encontr├│ plantilla de test'[39m)[33m;[39m
    [31m[1m>[22m[39m[90m 26 |[39m         [36mif[39m ([33m![39mrutinaNormal) [36mthrow[39m [36mnew[39m [33mError[39m([32m'No se encontr├│ rutina normal de test'[39m)[33m;[39m
     [90m    |[39m                                  [31m[1m^[22m[39m
     [90m 27 |[39m     })[33m;[39m
     [90m 28 |[39m
     [90m 29 |[39m     describe([32m'Tipos de Rutinas'[39m[33m,[39m () [33m=>[39m {[0m

      at Object.<anonymous> (__tests__/unit/rutinaSemanal.test.ts:26:34)
      at asyncGeneratorStep (node_modules/@babel/runtime/helpers/asyncToGenerator.js:3:17)
      at _next (node_modules/@babel/runtime/helpers/asyncToGenerator.js:17:9)

  ÔùÅ Nivel 4: Rutinas Semanales ÔÇ║ C├ílculo de Lunes de Semana ÔÇ║ el d├¡a retornado debe ser lunes (d├¡a 1)

    No se encontr├│ rutina normal de test

    [0m [90m 24 |[39m
     [90m 25 |[39m         [36mif[39m ([33m![39mtemplate) [36mthrow[39m [36mnew[39m [33mError[39m([32m'No se encontr├│ plantilla de test'[39m)[33m;[39m
    [31m[1m>[22m[39m[90m 26 |[39m         [36mif[39m ([33m![39mrutinaNormal) [36mthrow[39m [36mnew[39m [33mError[39m([32m'No se encontr├│ rutina normal de test'[39m)[33m;[39m
     [90m    |[39m                                  [31m[1m^[22m[39m
     [90m 27 |[39m     })[33m;[39m
     [90m 28 |[39m
     [90m 29 |[39m     describe([32m'Tipos de Rutinas'[39m[33m,[39m () [33m=>[39m {[0m

      at Object.<anonymous> (__tests__/unit/rutinaSemanal.test.ts:26:34)
      at asyncGeneratorStep (node_modules/@babel/runtime/helpers/asyncToGenerator.js:3:17)
      at _next (node_modules/@babel/runtime/helpers/asyncToGenerator.js:17:9)

  ÔùÅ Nivel 4: Rutinas Semanales ÔÇ║ C├ílculo de Lunes de Semana ÔÇ║ fecha_inicio_semana debe ser un lunes

    No se encontr├│ rutina normal de test

    [0m [90m 24 |[39m
     [90m 25 |[39m         [36mif[39m ([33m![39mtemplate) [36mthrow[39m [36mnew[39m [33mError[39m([32m'No se encontr├│ plantilla de test'[39m)[33m;[39m
    [31m[1m>[22m[39m[90m 26 |[39m         [36mif[39m ([33m![39mrutinaNormal) [36mthrow[39m [36mnew[39m [33mError[39m([32m'No se encontr├│ rutina normal de test'[39m)[33m;[39m
     [90m    |[39m                                  [31m[1m^[22m[39m
     [90m 27 |[39m     })[33m;[39m
     [90m 28 |[39m
     [90m 29 |[39m     describe([32m'Tipos de Rutinas'[39m[33m,[39m () [33m=>[39m {[0m

      at Object.<anonymous> (__tests__/unit/rutinaSemanal.test.ts:26:34)
      at asyncGeneratorStep (node_modules/@babel/runtime/helpers/asyncToGenerator.js:3:17)
      at _next (node_modules/@babel/runtime/helpers/asyncToGenerator.js:17:9)

  ÔùÅ Nivel 4: Rutinas Semanales ÔÇ║ Estructura de D├¡as ÔÇ║ plantilla debe tener 7 d├¡as

    No se encontr├│ rutina normal de test

    [0m [90m 24 |[39m
     [90m 25 |[39m         [36mif[39m ([33m![39mtemplate) [36mthrow[39m [36mnew[39m [33mError[39m([32m'No se encontr├│ plantilla de test'[39m)[33m;[39m
    [31m[1m>[22m[39m[90m 26 |[39m         [36mif[39m ([33m![39mrutinaNormal) [36mthrow[39m [36mnew[39m [33mError[39m([32m'No se encontr├│ rutina normal de test'[39m)[33m;[39m
     [90m    |[39m                                  [31m[1m^[22m[39m
     [90m 27 |[39m     })[33m;[39m
     [90m 28 |[39m
     [90m 29 |[39m     describe([32m'Tipos de Rutinas'[39m[33m,[39m () [33m=>[39m {[0m

      at Object.<anonymous> (__tests__/unit/rutinaSemanal.test.ts:26:34)
      at asyncGeneratorStep (node_modules/@babel/runtime/helpers/asyncToGenerator.js:3:17)
      at _next (node_modules/@babel/runtime/helpers/asyncToGenerator.js:17:9)

  ÔùÅ Nivel 4: Rutinas Semanales ÔÇ║ Estructura de D├¡as ÔÇ║ rutina normal debe tener 7 d├¡as

    No se encontr├│ rutina normal de test

    [0m [90m 24 |[39m
     [90m 25 |[39m         [36mif[39m ([33m![39mtemplate) [36mthrow[39m [36mnew[39m [33mError[39m([32m'No se encontr├│ plantilla de test'[39m)[33m;[39m
    [31m[1m>[22m[39m[90m 26 |[39m         [36mif[39m ([33m![39mrutinaNormal) [36mthrow[39m [36mnew[39m [33mError[39m([32m'No se encontr├│ rutina normal de test'[39m)[33m;[39m
     [90m    |[39m                                  [31m[1m^[22m[39m
     [90m 27 |[39m     })[33m;[39m
     [90m 28 |[39m
     [90m 29 |[39m     describe([32m'Tipos de Rutinas'[39m[33m,[39m () [33m=>[39m {[0m

      at Object.<anonymous> (__tests__/unit/rutinaSemanal.test.ts:26:34)
      at asyncGeneratorStep (node_modules/@babel/runtime/helpers/asyncToGenerator.js:3:17)
      at _next (node_modules/@babel/runtime/helpers/asyncToGenerator.js:17:9)

  ÔùÅ Nivel 4: Rutinas Semanales ÔÇ║ Estructura de D├¡as ÔÇ║ d├¡as de plantilla deben tener fecha_dia = null

    No se encontr├│ rutina normal de test

    [0m [90m 24 |[39m
     [90m 25 |[39m         [36mif[39m ([33m![39mtemplate) [36mthrow[39m [36mnew[39m [33mError[39m([32m'No se encontr├│ plantilla de test'[39m)[33m;[39m
    [31m[1m>[22m[39m[90m 26 |[39m         [36mif[39m ([33m![39mrutinaNormal) [36mthrow[39m [36mnew[39m [33mError[39m([32m'No se encontr├│ rutina normal de test'[39m)[33m;[39m
     [90m    |[39m                                  [31m[1m^[22m[39m
     [90m 27 |[39m     })[33m;[39m
     [90m 28 |[39m
     [90m 29 |[39m     describe([32m'Tipos de Rutinas'[39m[33m,[39m () [33m=>[39m {[0m

      at Object.<anonymous> (__tests__/unit/rutinaSemanal.test.ts:26:34)
      at asyncGeneratorStep (node_modules/@babel/runtime/helpers/asyncToGenerator.js:3:17)
      at _next (node_modules/@babel/runtime/helpers/asyncToGenerator.js:17:9)

  ÔùÅ Nivel 4: Rutinas Semanales ÔÇ║ Estructura de D├¡as ÔÇ║ d├¡as de rutina normal deben tener fecha_dia definida

    No se encontr├│ rutina normal de test

    [0m [90m 24 |[39m
     [90m 25 |[39m         [36mif[39m ([33m![39mtemplate) [36mthrow[39m [36mnew[39m [33mError[39m([32m'No se encontr├│ plantilla de test'[39m)[33m;[39m
    [31m[1m>[22m[39m[90m 26 |[39m         [36mif[39m ([33m![39mrutinaNormal) [36mthrow[39m [36mnew[39m [33mError[39m([32m'No se encontr├│ rutina normal de test'[39m)[33m;[39m
     [90m    |[39m                                  [31m[1m^[22m[39m
     [90m 27 |[39m     })[33m;[39m
     [90m 28 |[39m
     [90m 29 |[39m     describe([32m'Tipos de Rutinas'[39m[33m,[39m () [33m=>[39m {[0m

      at Object.<anonymous> (__tests__/unit/rutinaSemanal.test.ts:26:34)
      at asyncGeneratorStep (node_modules/@babel/runtime/helpers/asyncToGenerator.js:3:17)
      at _next (node_modules/@babel/runtime/helpers/asyncToGenerator.js:17:9)

  ÔùÅ Nivel 4: Rutinas Semanales ÔÇ║ Obtener Rutina Completa ÔÇ║ deber├¡a cargar rutina semanal con toda su jerarqu├¡a

    No se encontr├│ rutina normal de test

    [0m [90m 24 |[39m
     [90m 25 |[39m         [36mif[39m ([33m![39mtemplate) [36mthrow[39m [36mnew[39m [33mError[39m([32m'No se encontr├│ plantilla de test'[39m)[33m;[39m
    [31m[1m>[22m[39m[90m 26 |[39m         [36mif[39m ([33m![39mrutinaNormal) [36mthrow[39m [36mnew[39m [33mError[39m([32m'No se encontr├│ rutina normal de test'[39m)[33m;[39m
     [90m    |[39m                                  [31m[1m^[22m[39m
     [90m 27 |[39m     })[33m;[39m
     [90m 28 |[39m
     [90m 29 |[39m     describe([32m'Tipos de Rutinas'[39m[33m,[39m () [33m=>[39m {[0m

      at Object.<anonymous> (__tests__/unit/rutinaSemanal.test.ts:26:34)
      at asyncGeneratorStep (node_modules/@babel/runtime/helpers/asyncToGenerator.js:3:17)
      at _next (node_modules/@babel/runtime/helpers/asyncToGenerator.js:17:9)

  ÔùÅ Nivel 4: Rutinas Semanales ÔÇ║ Listado de Rutinas del Usuario ÔÇ║ deber├¡a obtener todas las rutinas del usuario de test

    No se encontr├│ rutina normal de test

    [0m [90m 24 |[39m
     [90m 25 |[39m         [36mif[39m ([33m![39mtemplate) [36mthrow[39m [36mnew[39m [33mError[39m([32m'No se encontr├│ plantilla de test'[39m)[33m;[39m
    [31m[1m>[22m[39m[90m 26 |[39m         [36mif[39m ([33m![39mrutinaNormal) [36mthrow[39m [36mnew[39m [33mError[39m([32m'No se encontr├│ rutina normal de test'[39m)[33m;[39m
     [90m    |[39m                                  [31m[1m^[22m[39m
     [90m 27 |[39m     })[33m;[39m
     [90m 28 |[39m
     [90m 29 |[39m     describe([32m'Tipos de Rutinas'[39m[33m,[39m () [33m=>[39m {[0m

      at Object.<anonymous> (__tests__/unit/rutinaSemanal.test.ts:26:34)
      at asyncGeneratorStep (node_modules/@babel/runtime/helpers/asyncToGenerator.js:3:17)
      at _next (node_modules/@babel/runtime/helpers/asyncToGenerator.js:17:9)

  ÔùÅ Nivel 4: Rutinas Semanales ÔÇ║ Listado de Rutinas del Usuario ÔÇ║ deber├¡a haber exactamente 1 plantilla y al menos 1 rutina normal

    No se encontr├│ rutina normal de test

    [0m [90m 24 |[39m
     [90m 25 |[39m         [36mif[39m ([33m![39mtemplate) [36mthrow[39m [36mnew[39m [33mError[39m([32m'No se encontr├│ plantilla de test'[39m)[33m;[39m
    [31m[1m>[22m[39m[90m 26 |[39m         [36mif[39m ([33m![39mrutinaNormal) [36mthrow[39m [36mnew[39m [33mError[39m([32m'No se encontr├│ rutina normal de test'[39m)[33m;[39m
     [90m    |[39m                                  [31m[1m^[22m[39m
     [90m 27 |[39m     })[33m;[39m
     [90m 28 |[39m
     [90m 29 |[39m     describe([32m'Tipos de Rutinas'[39m[33m,[39m () [33m=>[39m {[0m

      at Object.<anonymous> (__tests__/unit/rutinaSemanal.test.ts:26:34)
      at asyncGeneratorStep (node_modules/@babel/runtime/helpers/asyncToGenerator.js:3:17)
      at _next (node_modules/@babel/runtime/helpers/asyncToGenerator.js:17:9)

FAIL __tests__/flows/flow2-4-workoutCycle.test.ts
  Flow 2-4: Ciclo de Entrenamiento
    Flujo 2: Empezar Entrenamiento
      ├ù deber├¡a crear rutina diaria con fecha y hora_inicio (11 ms)
      ├ù el nuevo workout deber├¡a estar EN_PROGRESO
    Flujo 3: Cargar Datos del Workout
      ├ù deber├¡a copiar ejercicios de la plantilla
      ├ù ejercicios deber├¡an tener datos del cat├ílogo
      ├ù deber├¡a copiar series de la plantilla
    Flujo 4: Finalizar Entrenamiento
      ├ù deber├¡a marcar como completado con hora_fin
      ├ù el workout finalizado deber├¡a estar COMPLETADA (1 ms)
      ├ù deber├¡a poder calcular duraci├│n del entrenamiento

  ÔùÅ Flow 2-4: Ciclo de Entrenamiento ÔÇ║ Flujo 2: Empezar Entrenamiento ÔÇ║ deber├¡a crear rutina diaria con fecha y hora_inicio

    No se encontr├│ plantilla

    [0m [90m 24 |[39m     beforeAll([36masync[39m () [33m=>[39m {
     [90m 25 |[39m         template [33m=[39m [36mawait[39m getTestUserTemplate()[33m;[39m
    [31m[1m>[22m[39m[90m 26 |[39m         [36mif[39m ([33m![39mtemplate) [36mthrow[39m [36mnew[39m [33mError[39m([32m'No se encontr├│ plantilla'[39m)[33m;[39m
     [90m    |[39m                              [31m[1m^[22m[39m
     [90m 27 |[39m
     [90m 28 |[39m         [90m// Encontrar un d├¡a de plantilla con ejercicios[39m
     [90m 29 |[39m         [36mconst[39m diaConEjercicios [33m=[39m template[33m.[39mrutinas_diarias[33m.[39mfind([0m

      at Object.<anonymous> (__tests__/flows/flow2-4-workoutCycle.test.ts:26:30)
      at asyncGeneratorStep (node_modules/@babel/runtime/helpers/asyncToGenerator.js:3:17)
      at _next (node_modules/@babel/runtime/helpers/asyncToGenerator.js:17:9)

  ÔùÅ Flow 2-4: Ciclo de Entrenamiento ÔÇ║ Flujo 2: Empezar Entrenamiento ÔÇ║ el nuevo workout deber├¡a estar EN_PROGRESO

    No se encontr├│ plantilla

    [0m [90m 24 |[39m     beforeAll([36masync[39m () [33m=>[39m {
     [90m 25 |[39m         template [33m=[39m [36mawait[39m getTestUserTemplate()[33m;[39m
    [31m[1m>[22m[39m[90m 26 |[39m         [36mif[39m ([33m![39mtemplate) [36mthrow[39m [36mnew[39m [33mError[39m([32m'No se encontr├│ plantilla'[39m)[33m;[39m
     [90m    |[39m                              [31m[1m^[22m[39m
     [90m 27 |[39m
     [90m 28 |[39m         [90m// Encontrar un d├¡a de plantilla con ejercicios[39m
     [90m 29 |[39m         [36mconst[39m diaConEjercicios [33m=[39m template[33m.[39mrutinas_diarias[33m.[39mfind([0m

      at Object.<anonymous> (__tests__/flows/flow2-4-workoutCycle.test.ts:26:30)
      at asyncGeneratorStep (node_modules/@babel/runtime/helpers/asyncToGenerator.js:3:17)
      at _next (node_modules/@babel/runtime/helpers/asyncToGenerator.js:17:9)

  ÔùÅ Flow 2-4: Ciclo de Entrenamiento ÔÇ║ Flujo 3: Cargar Datos del Workout ÔÇ║ deber├¡a copiar ejercicios de la plantilla

    No se encontr├│ plantilla

    [0m [90m 24 |[39m     beforeAll([36masync[39m () [33m=>[39m {
     [90m 25 |[39m         template [33m=[39m [36mawait[39m getTestUserTemplate()[33m;[39m
    [31m[1m>[22m[39m[90m 26 |[39m         [36mif[39m ([33m![39mtemplate) [36mthrow[39m [36mnew[39m [33mError[39m([32m'No se encontr├│ plantilla'[39m)[33m;[39m
     [90m    |[39m                              [31m[1m^[22m[39m
     [90m 27 |[39m
     [90m 28 |[39m         [90m// Encontrar un d├¡a de plantilla con ejercicios[39m
     [90m 29 |[39m         [36mconst[39m diaConEjercicios [33m=[39m template[33m.[39mrutinas_diarias[33m.[39mfind([0m

      at Object.<anonymous> (__tests__/flows/flow2-4-workoutCycle.test.ts:26:30)
      at asyncGeneratorStep (node_modules/@babel/runtime/helpers/asyncToGenerator.js:3:17)
      at _next (node_modules/@babel/runtime/helpers/asyncToGenerator.js:17:9)

  ÔùÅ Flow 2-4: Ciclo de Entrenamiento ÔÇ║ Flujo 3: Cargar Datos del Workout ÔÇ║ ejercicios deber├¡an tener datos del cat├ílogo

    No se encontr├│ plantilla

    [0m [90m 24 |[39m     beforeAll([36masync[39m () [33m=>[39m {
     [90m 25 |[39m         template [33m=[39m [36mawait[39m getTestUserTemplate()[33m;[39m
    [31m[1m>[22m[39m[90m 26 |[39m         [36mif[39m ([33m![39mtemplate) [36mthrow[39m [36mnew[39m [33mError[39m([32m'No se encontr├│ plantilla'[39m)[33m;[39m
     [90m    |[39m                              [31m[1m^[22m[39m
     [90m 27 |[39m
     [90m 28 |[39m         [90m// Encontrar un d├¡a de plantilla con ejercicios[39m
     [90m 29 |[39m         [36mconst[39m diaConEjercicios [33m=[39m template[33m.[39mrutinas_diarias[33m.[39mfind([0m

      at Object.<anonymous> (__tests__/flows/flow2-4-workoutCycle.test.ts:26:30)
      at asyncGeneratorStep (node_modules/@babel/runtime/helpers/asyncToGenerator.js:3:17)
      at _next (node_modules/@babel/runtime/helpers/asyncToGenerator.js:17:9)

  ÔùÅ Flow 2-4: Ciclo de Entrenamiento ÔÇ║ Flujo 3: Cargar Datos del Workout ÔÇ║ deber├¡a copiar series de la plantilla

    No se encontr├│ plantilla

    [0m [90m 24 |[39m     beforeAll([36masync[39m () [33m=>[39m {
     [90m 25 |[39m         template [33m=[39m [36mawait[39m getTestUserTemplate()[33m;[39m
    [31m[1m>[22m[39m[90m 26 |[39m         [36mif[39m ([33m![39mtemplate) [36mthrow[39m [36mnew[39m [33mError[39m([32m'No se encontr├│ plantilla'[39m)[33m;[39m
     [90m    |[39m                              [31m[1m^[22m[39m
     [90m 27 |[39m
     [90m 28 |[39m         [90m// Encontrar un d├¡a de plantilla con ejercicios[39m
     [90m 29 |[39m         [36mconst[39m diaConEjercicios [33m=[39m template[33m.[39mrutinas_diarias[33m.[39mfind([0m

      at Object.<anonymous> (__tests__/flows/flow2-4-workoutCycle.test.ts:26:30)
      at asyncGeneratorStep (node_modules/@babel/runtime/helpers/asyncToGenerator.js:3:17)
      at _next (node_modules/@babel/runtime/helpers/asyncToGenerator.js:17:9)

  ÔùÅ Flow 2-4: Ciclo de Entrenamiento ÔÇ║ Flujo 4: Finalizar Entrenamiento ÔÇ║ deber├¡a marcar como completado con hora_fin

    No se encontr├│ plantilla

    [0m [90m 24 |[39m     beforeAll([36masync[39m () [33m=>[39m {
     [90m 25 |[39m         template [33m=[39m [36mawait[39m getTestUserTemplate()[33m;[39m
    [31m[1m>[22m[39m[90m 26 |[39m         [36mif[39m ([33m![39mtemplate) [36mthrow[39m [36mnew[39m [33mError[39m([32m'No se encontr├│ plantilla'[39m)[33m;[39m
     [90m    |[39m                              [31m[1m^[22m[39m
     [90m 27 |[39m
     [90m 28 |[39m         [90m// Encontrar un d├¡a de plantilla con ejercicios[39m
     [90m 29 |[39m         [36mconst[39m diaConEjercicios [33m=[39m template[33m.[39mrutinas_diarias[33m.[39mfind([0m

      at Object.<anonymous> (__tests__/flows/flow2-4-workoutCycle.test.ts:26:30)
      at asyncGeneratorStep (node_modules/@babel/runtime/helpers/asyncToGenerator.js:3:17)
      at _next (node_modules/@babel/runtime/helpers/asyncToGenerator.js:17:9)

  ÔùÅ Flow 2-4: Ciclo de Entrenamiento ÔÇ║ Flujo 4: Finalizar Entrenamiento ÔÇ║ el workout finalizado deber├¡a estar COMPLETADA

    No se encontr├│ plantilla

    [0m [90m 24 |[39m     beforeAll([36masync[39m () [33m=>[39m {
     [90m 25 |[39m         template [33m=[39m [36mawait[39m getTestUserTemplate()[33m;[39m
    [31m[1m>[22m[39m[90m 26 |[39m         [36mif[39m ([33m![39mtemplate) [36mthrow[39m [36mnew[39m [33mError[39m([32m'No se encontr├│ plantilla'[39m)[33m;[39m
     [90m    |[39m                              [31m[1m^[22m[39m
     [90m 27 |[39m
     [90m 28 |[39m         [90m// Encontrar un d├¡a de plantilla con ejercicios[39m
     [90m 29 |[39m         [36mconst[39m diaConEjercicios [33m=[39m template[33m.[39mrutinas_diarias[33m.[39mfind([0m

      at Object.<anonymous> (__tests__/flows/flow2-4-workoutCycle.test.ts:26:30)
      at asyncGeneratorStep (node_modules/@babel/runtime/helpers/asyncToGenerator.js:3:17)
      at _next (node_modules/@babel/runtime/helpers/asyncToGenerator.js:17:9)

  ÔùÅ Flow 2-4: Ciclo de Entrenamiento ÔÇ║ Flujo 4: Finalizar Entrenamiento ÔÇ║ deber├¡a poder calcular duraci├│n del entrenamiento

    No se encontr├│ plantilla

    [0m [90m 24 |[39m     beforeAll([36masync[39m () [33m=>[39m {
     [90m 25 |[39m         template [33m=[39m [36mawait[39m getTestUserTemplate()[33m;[39m
    [31m[1m>[22m[39m[90m 26 |[39m         [36mif[39m ([33m![39mtemplate) [36mthrow[39m [36mnew[39m [33mError[39m([32m'No se encontr├│ plantilla'[39m)[33m;[39m
     [90m    |[39m                              [31m[1m^[22m[39m
     [90m 27 |[39m
     [90m 28 |[39m         [90m// Encontrar un d├¡a de plantilla con ejercicios[39m
     [90m 29 |[39m         [36mconst[39m diaConEjercicios [33m=[39m template[33m.[39mrutinas_diarias[33m.[39mfind([0m

      at Object.<anonymous> (__tests__/flows/flow2-4-workoutCycle.test.ts:26:30)
      at asyncGeneratorStep (node_modules/@babel/runtime/helpers/asyncToGenerator.js:3:17)
      at _next (node_modules/@babel/runtime/helpers/asyncToGenerator.js:17:9)

FAIL __tests__/flows/flow1-calendar.test.ts
  Flow 1: Ver D├¡a en Calendario
    Buscar Rutina por Fecha
      ├ù deber├¡a encontrar rutina diaria por fecha espec├¡fica (10 ms)
      ├ù deber├¡a retornar null si no existe rutina para esa fecha
    Buscar Rutina por Nombre de D├¡a (Plantilla)
      ├ù deber├¡a encontrar plantilla por nombre de d├¡a
    Estados de Visualizaci├│n
      ├ù Lunes completado: estado COMPLETADA con duraci├│n
      ├ù Mi├®rcoles en progreso: estado EN_PROGRESO sin duraci├│n a├║n
      ├ù Viernes pendiente: estado PENDIENTE
    C├ílculo de Duraci├│n (Solo con hora_inicio Y hora_fin)
      ├ù deber├¡a calcular duraci├│n correctamente
      ├ù NO deber├¡a requerir campo completada para calcular duraci├│n
    Ejercicios y Series por D├¡a
      ├ù d├¡a completado deber├¡a tener ejercicios con series

  ÔùÅ Flow 1: Ver D├¡a en Calendario ÔÇ║ Buscar Rutina por Fecha ÔÇ║ deber├¡a encontrar rutina diaria por fecha espec├¡fica

    No se encontr├│ rutina normal

    [0m [90m 27 |[39m
     [90m 28 |[39m         [36mif[39m ([33m![39mtemplate) [36mthrow[39m [36mnew[39m [33mError[39m([32m'No se encontr├│ plantilla'[39m)[33m;[39m
    [31m[1m>[22m[39m[90m 29 |[39m         [36mif[39m ([33m![39mrutinaNormal) [36mthrow[39m [36mnew[39m [33mError[39m([32m'No se encontr├│ rutina normal'[39m)[33m;[39m
     [90m    |[39m                                  [31m[1m^[22m[39m
     [90m 30 |[39m     })[33m;[39m
     [90m 31 |[39m
     [90m 32 |[39m     describe([32m'Buscar Rutina por Fecha'[39m[33m,[39m () [33m=>[39m {[0m

      at Object.<anonymous> (__tests__/flows/flow1-calendar.test.ts:29:34)
      at asyncGeneratorStep (node_modules/@babel/runtime/helpers/asyncToGenerator.js:3:17)
      at _next (node_modules/@babel/runtime/helpers/asyncToGenerator.js:17:9)

  ÔùÅ Flow 1: Ver D├¡a en Calendario ÔÇ║ Buscar Rutina por Fecha ÔÇ║ deber├¡a retornar null si no existe rutina para esa fecha

    No se encontr├│ rutina normal

    [0m [90m 27 |[39m
     [90m 28 |[39m         [36mif[39m ([33m![39mtemplate) [36mthrow[39m [36mnew[39m [33mError[39m([32m'No se encontr├│ plantilla'[39m)[33m;[39m
    [31m[1m>[22m[39m[90m 29 |[39m         [36mif[39m ([33m![39mrutinaNormal) [36mthrow[39m [36mnew[39m [33mError[39m([32m'No se encontr├│ rutina normal'[39m)[33m;[39m
     [90m    |[39m                                  [31m[1m^[22m[39m
     [90m 30 |[39m     })[33m;[39m
     [90m 31 |[39m
     [90m 32 |[39m     describe([32m'Buscar Rutina por Fecha'[39m[33m,[39m () [33m=>[39m {[0m

      at Object.<anonymous> (__tests__/flows/flow1-calendar.test.ts:29:34)
      at asyncGeneratorStep (node_modules/@babel/runtime/helpers/asyncToGenerator.js:3:17)
      at _next (node_modules/@babel/runtime/helpers/asyncToGenerator.js:17:9)

  ÔùÅ Flow 1: Ver D├¡a en Calendario ÔÇ║ Buscar Rutina por Nombre de D├¡a (Plantilla) ÔÇ║ deber├¡a encontrar plantilla por nombre de d├¡a

    No se encontr├│ rutina normal

    [0m [90m 27 |[39m
     [90m 28 |[39m         [36mif[39m ([33m![39mtemplate) [36mthrow[39m [36mnew[39m [33mError[39m([32m'No se encontr├│ plantilla'[39m)[33m;[39m
    [31m[1m>[22m[39m[90m 29 |[39m         [36mif[39m ([33m![39mrutinaNormal) [36mthrow[39m [36mnew[39m [33mError[39m([32m'No se encontr├│ rutina normal'[39m)[33m;[39m
     [90m    |[39m                                  [31m[1m^[22m[39m
     [90m 30 |[39m     })[33m;[39m
     [90m 31 |[39m
     [90m 32 |[39m     describe([32m'Buscar Rutina por Fecha'[39m[33m,[39m () [33m=>[39m {[0m
  console.error
    Error fetching weekly routine details: {
      code: '22P02',
      details: null,
      hint: null,
      message: 'invalid input syntax for type uuid: "null"'
    }

    [0m [90m 77 |[39m             [36mreturn[39m { data[33m,[39m error[33m:[39m [36mnull[39m }[33m;[39m
     [90m 78 |[39m         } [36mcatch[39m (error) {
    [31m[1m>[22m[39m[90m 79 |[39m             console[33m.[39merror([32m'Error fetching weekly routine details:'[39m[33m,[39m error)[33m;[39m
     [90m    |[39m                     [31m[1m^[22m[39m
     [90m 80 |[39m             [36mreturn[39m { data[33m:[39m [36mnull[39m[33m,[39m error }[33m;[39m
     [90m 81 |[39m         }
     [90m 82 |[39m     }[33m,[39m[0m

      at Object.error (src/services/RoutineService.ts:79:21)
      at asyncGeneratorStep (node_modules/@babel/runtime/helpers/asyncToGenerator.js:3:17)
      at _next (node_modules/@babel/runtime/helpers/asyncToGenerator.js:17:9)


      at Object.<anonymous> (__tests__/flows/flow1-calendar.test.ts:29:34)
      at asyncGeneratorStep (node_modules/@babel/runtime/helpers/asyncToGenerator.js:3:17)
      at _next (node_modules/@babel/runtime/helpers/asyncToGenerator.js:17:9)

  ÔùÅ Flow 1: Ver D├¡a en Calendario ÔÇ║ Estados de Visualizaci├│n ÔÇ║ Lunes completado: estado COMPLETADA con duraci├│n

    No se encontr├│ rutina normal

    [0m [90m 27 |[39m
     [90m 28 |[39m         [36mif[39m ([33m![39mtemplate) [36mthrow[39m [36mnew[39m [33mError[39m([32m'No se encontr├│ plantilla'[39m)[33m;[39m
    [31m[1m>[22m[39m[90m 29 |[39m         [36mif[39m ([33m![39mrutinaNormal) [36mthrow[39m [36mnew[39m [33mError[39m([32m'No se encontr├│ rutina normal'[39m)[33m;[39m
     [90m    |[39m                                  [31m[1m^[22m[39m
     [90m 30 |[39m     })[33m;[39m
     [90m 31 |[39m
     [90m 32 |[39m     describe([32m'Buscar Rutina por Fecha'[39m[33m,[39m () [33m=>[39m {[0m

      at Object.<anonymous> (__tests__/flows/flow1-calendar.test.ts:29:34)
      at asyncGeneratorStep (node_modules/@babel/runtime/helpers/asyncToGenerator.js:3:17)
      at _next (node_modules/@babel/runtime/helpers/asyncToGenerator.js:17:9)

  ÔùÅ Flow 1: Ver D├¡a en Calendario ÔÇ║ Estados de Visualizaci├│n ÔÇ║ Mi├®rcoles en progreso: estado EN_PROGRESO sin duraci├│n a├║n

    No se encontr├│ rutina normal

    [0m [90m 27 |[39m
     [90m 28 |[39m         [36mif[39m ([33m![39mtemplate) [36mthrow[39m [36mnew[39m [33mError[39m([32m'No se encontr├│ plantilla'[39m)[33m;[39m
    [31m[1m>[22m[39m[90m 29 |[39m         [36mif[39m ([33m![39mrutinaNormal) [36mthrow[39m [36mnew[39m [33mError[39m([32m'No se encontr├│ rutina normal'[39m)[33m;[39m
     [90m    |[39m                                  [31m[1m^[22m[39m
     [90m 30 |[39m     })[33m;[39m
     [90m 31 |[39m
     [90m 32 |[39m     describe([32m'Buscar Rutina por Fecha'[39m[33m,[39m () [33m=>[39m {[0m

      at Object.<anonymous> (__tests__/flows/flow1-calendar.test.ts:29:34)
      at asyncGeneratorStep (node_modules/@babel/runtime/helpers/asyncToGenerator.js:3:17)
      at _next (node_modules/@babel/runtime/helpers/asyncToGenerator.js:17:9)

  ÔùÅ Flow 1: Ver D├¡a en Calendario ÔÇ║ Estados de Visualizaci├│n ÔÇ║ Viernes pendiente: estado PENDIENTE

    No se encontr├│ rutina normal

    [0m [90m 27 |[39m
     [90m 28 |[39m         [36mif[39m ([33m![39mtemplate) [36mthrow[39m [36mnew[39m [33mError[39m([32m'No se encontr├│ plantilla'[39m)[33m;[39m
    [31m[1m>[22m[39m[90m 29 |[39m         [36mif[39m ([33m![39mrutinaNormal) [36mthrow[39m [36mnew[39m [33mError[39m([32m'No se encontr├│ rutina normal'[39m)[33m;[39m
     [90m    |[39m                                  [31m[1m^[22m[39m
     [90m 30 |[39m     })[33m;[39m
     [90m 31 |[39m
     [90m 32 |[39m     describe([32m'Buscar Rutina por Fecha'[39m[33m,[39m () [33m=>[39m {[0m

      at Object.<anonymous> (__tests__/flows/flow1-calendar.test.ts:29:34)
      at asyncGeneratorStep (node_modules/@babel/runtime/helpers/asyncToGenerator.js:3:17)
      at _next (node_modules/@babel/runtime/helpers/asyncToGenerator.js:17:9)

  ÔùÅ Flow 1: Ver D├¡a en Calendario ÔÇ║ C├ílculo de Duraci├│n (Solo con hora_inicio Y hora_fin) ÔÇ║ deber├¡a calcular duraci├│n correctamente

    No se encontr├│ rutina normal

    [0m [90m 27 |[39m
     [90m 28 |[39m         [36mif[39m ([33m![39mtemplate) [36mthrow[39m [36mnew[39m [33mError[39m([32m'No se encontr├│ plantilla'[39m)[33m;[39m
    [31m[1m>[22m[39m[90m 29 |[39m         [36mif[39m ([33m![39mrutinaNormal) [36mthrow[39m [36mnew[39m [33mError[39m([32m'No se encontr├│ rutina normal'[39m)[33m;[39m
     [90m    |[39m                                  [31m[1m^[22m[39m
     [90m 30 |[39m     })[33m;[39m
     [90m 31 |[39m
     [90m 32 |[39m     describe([32m'Buscar Rutina por Fecha'[39m[33m,[39m () [33m=>[39m {[0m

      at Object.<anonymous> (__tests__/flows/flow1-calendar.test.ts:29:34)
      at asyncGeneratorStep (node_modules/@babel/runtime/helpers/asyncToGenerator.js:3:17)
      at _next (node_modules/@babel/runtime/helpers/asyncToGenerator.js:17:9)

  ÔùÅ Flow 1: Ver D├¡a en Calendario ÔÇ║ C├ílculo de Duraci├│n (Solo con hora_inicio Y hora_fin) ÔÇ║ NO deber├¡a requerir campo completada para calcular duraci├│n

    No se encontr├│ rutina normal

    [0m [90m 27 |[39m
     [90m 28 |[39m         [36mif[39m ([33m![39mtemplate) [36mthrow[39m [36mnew[39m [33mError[39m([32m'No se encontr├│ plantilla'[39m)[33m;[39m
    [31m[1m>[22m[39m[90m 29 |[39m         [36mif[39m ([33m![39mrutinaNormal) [36mthrow[39m [36mnew[39m [33mError[39m([32m'No se encontr├│ rutina normal'[39m)[33m;[39m
     [90m    |[39m                                  [31m[1m^[22m[39m
     [90m 30 |[39m     })[33m;[39m
     [90m 31 |[39m
     [90m 32 |[39m     describe([32m'Buscar Rutina por Fecha'[39m[33m,[39m () [33m=>[39m {[0m

      at Object.<anonymous> (__tests__/flows/flow1-calendar.test.ts:29:34)
      at asyncGeneratorStep (node_modules/@babel/runtime/helpers/asyncToGenerator.js:3:17)
      at _next (node_modules/@babel/runtime/helpers/asyncToGenerator.js:17:9)

  ÔùÅ Flow 1: Ver D├¡a en Calendario ÔÇ║ Ejercicios y Series por D├¡a ÔÇ║ d├¡a completado deber├¡a tener ejercicios con series

    No se encontr├│ rutina normal

    [0m [90m 27 |[39m
     [90m 28 |[39m         [36mif[39m ([33m![39mtemplate) [36mthrow[39m [36mnew[39m [33mError[39m([32m'No se encontr├│ plantilla'[39m)[33m;[39m
    [31m[1m>[22m[39m[90m 29 |[39m         [36mif[39m ([33m![39mrutinaNormal) [36mthrow[39m [36mnew[39m [33mError[39m([32m'No se encontr├│ rutina normal'[39m)[33m;[39m
     [90m    |[39m                                  [31m[1m^[22m[39m
     [90m 30 |[39m     })[33m;[39m
     [90m 31 |[39m
     [90m 32 |[39m     describe([32m'Buscar Rutina por Fecha'[39m[33m,[39m () [33m=>[39m {[0m

      at Object.<anonymous> (__tests__/flows/flow1-calendar.test.ts:29:34)
      at asyncGeneratorStep (node_modules/@babel/runtime/helpers/asyncToGenerator.js:3:17)
      at _next (node_modules/@babel/runtime/helpers/asyncToGenerator.js:17:9)

FAIL __tests__/flows/flow5-6-editRoutine.test.ts
  Flow 5-6: Editar Rutina y Plantilla
    Flujo 5: Ver Series del ├Ültimo Entreno
      ├ù deber├¡a cargar rutina diaria con ejercicios y series (9 ms)
      ├ù ejercicios deber├¡an tener series con datos reales
      ├ù series deber├¡an tener peso y repeticiones
    Flujo 6: Editar Plantilla - A├▒adir Series
      ├ù deber├¡a poder a├▒adir una serie a un ejercicio de plantilla
      ├ù la serie a├▒adida deber├¡a persistir en BD
      ├ù al crear rutina desde esta plantilla, deber├¡a incluir la nueva serie (1 ms)
    Validaci├│n de datos editables
      ├ù ejercicios de plantilla no deben tener fecha_dia
      ├ù ejercicios de rutina normal s├¡ tienen fecha_dia

  ÔùÅ Flow 5-6: Editar Rutina y Plantilla ÔÇ║ Flujo 5: Ver Series del ├Ültimo Entreno ÔÇ║ deber├¡a cargar rutina diaria con ejercicios y series

    No se encontr├│ rutina normal

    [0m [90m 26 |[39m
     [90m 27 |[39m         [36mif[39m ([33m![39mtemplate) [36mthrow[39m [36mnew[39m [33mError[39m([32m'No se encontr├│ plantilla'[39m)[33m;[39m
    [31m[1m>[22m[39m[90m 28 |[39m         [36mif[39m ([33m![39mrutinaNormal) [36mthrow[39m [36mnew[39m [33mError[39m([32m'No se encontr├│ rutina normal'[39m)[33m;[39m
     [90m    |[39m                                  [31m[1m^[22m[39m
     [90m 29 |[39m     })[33m;[39m
     [90m 30 |[39m
     [90m 31 |[39m     describe([32m'Flujo 5: Ver Series del ├Ültimo Entreno'[39m[33m,[39m () [33m=>[39m {[0m

      at Object.<anonymous> (__tests__/flows/flow5-6-editRoutine.test.ts:28:34)
      at asyncGeneratorStep (node_modules/@babel/runtime/helpers/asyncToGenerator.js:3:17)
      at _next (node_modules/@babel/runtime/helpers/asyncToGenerator.js:17:9)

  ÔùÅ Flow 5-6: Editar Rutina y Plantilla ÔÇ║ Flujo 5: Ver Series del ├Ültimo Entreno ÔÇ║ ejercicios deber├¡an tener series con datos reales

    No se encontr├│ rutina normal

    [0m [90m 26 |[39m
     [90m 27 |[39m         [36mif[39m ([33m![39mtemplate) [36mthrow[39m [36mnew[39m [33mError[39m([32m'No se encontr├│ plantilla'[39m)[33m;[39m
    [31m[1m>[22m[39m[90m 28 |[39m         [36mif[39m ([33m![39mrutinaNormal) [36mthrow[39m [36mnew[39m [33mError[39m([32m'No se encontr├│ rutina normal'[39m)[33m;[39m
     [90m    |[39m                                  [31m[1m^[22m[39m
     [90m 29 |[39m     })[33m;[39m
     [90m 30 |[39m
     [90m 31 |[39m     describe([32m'Flujo 5: Ver Series del ├Ültimo Entreno'[39m[33m,[39m () [33m=>[39m {[0m

      at Object.<anonymous> (__tests__/flows/flow5-6-editRoutine.test.ts:28:34)
      at asyncGeneratorStep (node_modules/@babel/runtime/helpers/asyncToGenerator.js:3:17)
      at _next (node_modules/@babel/runtime/helpers/asyncToGenerator.js:17:9)

  ÔùÅ Flow 5-6: Editar Rutina y Plantilla ÔÇ║ Flujo 5: Ver Series del ├Ültimo Entreno ÔÇ║ series deber├¡an tener peso y repeticiones

    No se encontr├│ rutina normal

    [0m [90m 26 |[39m
     [90m 27 |[39m         [36mif[39m ([33m![39mtemplate) [36mthrow[39m [36mnew[39m [33mError[39m([32m'No se encontr├│ plantilla'[39m)[33m;[39m
    [31m[1m>[22m[39m[90m 28 |[39m         [36mif[39m ([33m![39mrutinaNormal) [36mthrow[39m [36mnew[39m [33mError[39m([32m'No se encontr├│ rutina normal'[39m)[33m;[39m
     [90m    |[39m                                  [31m[1m^[22m[39m
     [90m 29 |[39m     })[33m;[39m
     [90m 30 |[39m
     [90m 31 |[39m     describe([32m'Flujo 5: Ver Series del ├Ültimo Entreno'[39m[33m,[39m () [33m=>[39m {[0m

      at Object.<anonymous> (__tests__/flows/flow5-6-editRoutine.test.ts:28:34)
      at asyncGeneratorStep (node_modules/@babel/runtime/helpers/asyncToGenerator.js:3:17)
      at _next (node_modules/@babel/runtime/helpers/asyncToGenerator.js:17:9)

  ÔùÅ Flow 5-6: Editar Rutina y Plantilla ÔÇ║ Flujo 6: Editar Plantilla - A├▒adir Series ÔÇ║ deber├¡a poder a├▒adir una serie a un ejercicio de plantilla

    No se encontr├│ rutina normal

    [0m [90m 26 |[39m
     [90m 27 |[39m         [36mif[39m ([33m![39mtemplate) [36mthrow[39m [36mnew[39m [33mError[39m([32m'No se encontr├│ plantilla'[39m)[33m;[39m
    [31m[1m>[22m[39m[90m 28 |[39m         [36mif[39m ([33m![39mrutinaNormal) [36mthrow[39m [36mnew[39m [33mError[39m([32m'No se encontr├│ rutina normal'[39m)[33m;[39m
     [90m    |[39m                                  [31m[1m^[22m[39m
     [90m 29 |[39m     })[33m;[39m
     [90m 30 |[39m
     [90m 31 |[39m     describe([32m'Flujo 5: Ver Series del ├Ültimo Entreno'[39m[33m,[39m () [33m=>[39m {[0m

      at Object.<anonymous> (__tests__/flows/flow5-6-editRoutine.test.ts:28:34)
      at asyncGeneratorStep (node_modules/@babel/runtime/helpers/asyncToGenerator.js:3:17)
      at _next (node_modules/@babel/runtime/helpers/asyncToGenerator.js:17:9)

  ÔùÅ Flow 5-6: Editar Rutina y Plantilla ÔÇ║ Flujo 6: Editar Plantilla - A├▒adir Series ÔÇ║ la serie a├▒adida deber├¡a persistir en BD

    No se encontr├│ rutina normal

    [0m [90m 26 |[39m
     [90m 27 |[39m         [36mif[39m ([33m![39mtemplate) [36mthrow[39m [36mnew[39m [33mError[39m([32m'No se encontr├│ plantilla'[39m)[33m;[39m
    [31m[1m>[22m[39m[90m 28 |[39m         [36mif[39m ([33m![39mrutinaNormal) [36mthrow[39m [36mnew[39m [33mError[39m([32m'No se encontr├│ rutina normal'[39m)[33m;[39m
     [90m    |[39m                                  [31m[1m^[22m[39m
     [90m 29 |[39m     })[33m;[39m
     [90m 30 |[39m
     [90m 31 |[39m     describe([32m'Flujo 5: Ver Series del ├Ültimo Entreno'[39m[33m,[39m () [33m=>[39m {[0m

      at Object.<anonymous> (__tests__/flows/flow5-6-editRoutine.test.ts:28:34)
      at asyncGeneratorStep (node_modules/@babel/runtime/helpers/asyncToGenerator.js:3:17)
      at _next (node_modules/@babel/runtime/helpers/asyncToGenerator.js:17:9)

  ÔùÅ Flow 5-6: Editar Rutina y Plantilla ÔÇ║ Flujo 6: Editar Plantilla - A├▒adir Series ÔÇ║ al crear rutina desde esta plantilla, deber├¡a incluir la nueva serie

    No se encontr├│ rutina normal

    [0m [90m 26 |[39m
     [90m 27 |[39m         [36mif[39m ([33m![39mtemplate) [36mthrow[39m [36mnew[39m [33mError[39m([32m'No se encontr├│ plantilla'[39m)[33m;[39m
    [31m[1m>[22m[39m[90m 28 |[39m         [36mif[39m ([33m![39mrutinaNormal) [36mthrow[39m [36mnew[39m [33mError[39m([32m'No se encontr├│ rutina normal'[39m)[33m;[39m
     [90m    |[39m                                  [31m[1m^[22m[39m
     [90m 29 |[39m     })[33m;[39m
     [90m 30 |[39m
     [90m 31 |[39m     describe([32m'Flujo 5: Ver Series del ├Ültimo Entreno'[39m[33m,[39m () [33m=>[39m {[0m

      at Object.<anonymous> (__tests__/flows/flow5-6-editRoutine.test.ts:28:34)
      at asyncGeneratorStep (node_modules/@babel/runtime/helpers/asyncToGenerator.js:3:17)
      at _next (node_modules/@babel/runtime/helpers/asyncToGenerator.js:17:9)

  ÔùÅ Flow 5-6: Editar Rutina y Plantilla ÔÇ║ Validaci├│n de datos editables ÔÇ║ ejercicios de plantilla no deben tener fecha_dia

    No se encontr├│ rutina normal

    [0m [90m 26 |[39m
     [90m 27 |[39m         [36mif[39m ([33m![39mtemplate) [36mthrow[39m [36mnew[39m [33mError[39m([32m'No se encontr├│ plantilla'[39m)[33m;[39m
    [31m[1m>[22m[39m[90m 28 |[39m         [36mif[39m ([33m![39mrutinaNormal) [36mthrow[39m [36mnew[39m [33mError[39m([32m'No se encontr├│ rutina normal'[39m)[33m;[39m
     [90m    |[39m                                  [31m[1m^[22m[39m
     [90m 29 |[39m     })[33m;[39m
     [90m 30 |[39m
     [90m 31 |[39m     describe([32m'Flujo 5: Ver Series del ├Ültimo Entreno'[39m[33m,[39m () [33m=>[39m {[0m

      at Object.<anonymous> (__tests__/flows/flow5-6-editRoutine.test.ts:28:34)
      at asyncGeneratorStep (node_modules/@babel/runtime/helpers/asyncToGenerator.js:3:17)
      at _next (node_modules/@babel/runtime/helpers/asyncToGenerator.js:17:9)

  ÔùÅ Flow 5-6: Editar Rutina y Plantilla ÔÇ║ Validaci├│n de datos editables ÔÇ║ ejercicios de rutina normal s├¡ tienen fecha_dia

    No se encontr├│ rutina normal

    [0m [90m 26 |[39m
     [90m 27 |[39m         [36mif[39m ([33m![39mtemplate) [36mthrow[39m [36mnew[39m [33mError[39m([32m'No se encontr├│ plantilla'[39m)[33m;[39m
    [31m[1m>[22m[39m[90m 28 |[39m         [36mif[39m ([33m![39mrutinaNormal) [36mthrow[39m [36mnew[39m [33mError[39m([32m'No se encontr├│ rutina normal'[39m)[33m;[39m
     [90m    |[39m                                  [31m[1m^[22m[39m
     [90m 29 |[39m     })[33m;[39m
     [90m 30 |[39m
     [90m 31 |[39m     describe([32m'Flujo 5: Ver Series del ├Ültimo Entreno'[39m[33m,[39m () [33m=>[39m {[0m

      at Object.<anonymous> (__tests__/flows/flow5-6-editRoutine.test.ts:28:34)
      at asyncGeneratorStep (node_modules/@babel/runtime/helpers/asyncToGenerator.js:3:17)
      at _next (node_modules/@babel/runtime/helpers/asyncToGenerator.js:17:9)

FAIL __tests__/unit/ejercicios.test.ts
  Nivel 2: Ejercicios Programados
    Obtener Ejercicio con Series
      ├ù deber├¡a obtener ejercicio de plantilla con sus series (8 ms)
      ├ù las series deber├¡an estar ordenadas por numero_serie
      ├ù deber├¡a incluir datos de peso y repeticiones (1 ms)
    Ejercicio de Rutina Normal vs Plantilla
      ├ù ejercicio de rutina normal deber├¡a tener datos reales
      ├ù datos de ejercicio normal deber├¡an diferir de plantilla

  ÔùÅ Nivel 2: Ejercicios Programados ÔÇ║ Obtener Ejercicio con Series ÔÇ║ deber├¡a obtener ejercicio de plantilla con sus series

    No se encontr├│ rutina normal de test

    [0m [90m 23 |[39m
     [90m 24 |[39m         [36mif[39m ([33m![39mtemplate) [36mthrow[39m [36mnew[39m [33mError[39m([32m'No se encontr├│ plantilla de test'[39m)[33m;[39m
    [31m[1m>[22m[39m[90m 25 |[39m         [36mif[39m ([33m![39mnormal) [36mthrow[39m [36mnew[39m [33mError[39m([32m'No se encontr├│ rutina normal de test'[39m)[33m;[39m
     [90m    |[39m                            [31m[1m^[22m[39m
     [90m 26 |[39m
     [90m 27 |[39m         [36mconst[39m templateDia [33m=[39m template[33m.[39mrutinas_diarias[33m.[39mfind(
     [90m 28 |[39m             (d[33m:[39m any) [33m=>[39m d[33m.[39mejercicios_programados[33m?[39m[33m.[39mlength [33m>[39m [35m0[39m[0m

      at Object.<anonymous> (__tests__/unit/ejercicios.test.ts:25:28)
      at asyncGeneratorStep (node_modules/@babel/runtime/helpers/asyncToGenerator.js:3:17)
      at _next (node_modules/@babel/runtime/helpers/asyncToGenerator.js:17:9)

  ÔùÅ Nivel 2: Ejercicios Programados ÔÇ║ Obtener Ejercicio con Series ÔÇ║ las series deber├¡an estar ordenadas por numero_serie

    No se encontr├│ rutina normal de test

    [0m [90m 23 |[39m
     [90m 24 |[39m         [36mif[39m ([33m![39mtemplate) [36mthrow[39m [36mnew[39m [33mError[39m([32m'No se encontr├│ plantilla de test'[39m)[33m;[39m
    [31m[1m>[22m[39m[90m 25 |[39m         [36mif[39m ([33m![39mnormal) [36mthrow[39m [36mnew[39m [33mError[39m([32m'No se encontr├│ rutina normal de test'[39m)[33m;[39m
     [90m    |[39m                            [31m[1m^[22m[39m
     [90m 26 |[39m
     [90m 27 |[39m         [36mconst[39m templateDia [33m=[39m template[33m.[39mrutinas_diarias[33m.[39mfind(
     [90m 28 |[39m             (d[33m:[39m any) [33m=>[39m d[33m.[39mejercicios_programados[33m?[39m[33m.[39mlength [33m>[39m [35m0[39m[0m

      at Object.<anonymous> (__tests__/unit/ejercicios.test.ts:25:28)
      at asyncGeneratorStep (node_modules/@babel/runtime/helpers/asyncToGenerator.js:3:17)
      at _next (node_modules/@babel/runtime/helpers/asyncToGenerator.js:17:9)

  ÔùÅ Nivel 2: Ejercicios Programados ÔÇ║ Obtener Ejercicio con Series ÔÇ║ deber├¡a incluir datos de peso y repeticiones

    No se encontr├│ rutina normal de test

    [0m [90m 23 |[39m
     [90m 24 |[39m         [36mif[39m ([33m![39mtemplate) [36mthrow[39m [36mnew[39m [33mError[39m([32m'No se encontr├│ plantilla de test'[39m)[33m;[39m
    [31m[1m>[22m[39m[90m 25 |[39m         [36mif[39m ([33m![39mnormal) [36mthrow[39m [36mnew[39m [33mError[39m([32m'No se encontr├│ rutina normal de test'[39m)[33m;[39m
     [90m    |[39m                            [31m[1m^[22m[39m
     [90m 26 |[39m
     [90m 27 |[39m         [36mconst[39m templateDia [33m=[39m template[33m.[39mrutinas_diarias[33m.[39mfind(
     [90m 28 |[39m             (d[33m:[39m any) [33m=>[39m d[33m.[39mejercicios_programados[33m?[39m[33m.[39mlength [33m>[39m [35m0[39m[0m

      at Object.<anonymous> (__tests__/unit/ejercicios.test.ts:25:28)
      at asyncGeneratorStep (node_modules/@babel/runtime/helpers/asyncToGenerator.js:3:17)
      at _next (node_modules/@babel/runtime/helpers/asyncToGenerator.js:17:9)

  ÔùÅ Nivel 2: Ejercicios Programados ÔÇ║ Ejercicio de Rutina Normal vs Plantilla ÔÇ║ ejercicio de rutina normal deber├¡a tener datos reales

    No se encontr├│ rutina normal de test

    [0m [90m 23 |[39m
     [90m 24 |[39m         [36mif[39m ([33m![39mtemplate) [36mthrow[39m [36mnew[39m [33mError[39m([32m'No se encontr├│ plantilla de test'[39m)[33m;[39m
    [31m[1m>[22m[39m[90m 25 |[39m         [36mif[39m ([33m![39mnormal) [36mthrow[39m [36mnew[39m [33mError[39m([32m'No se encontr├│ rutina normal de test'[39m)[33m;[39m
     [90m    |[39m                            [31m[1m^[22m[39m
     [90m 26 |[39m
     [90m 27 |[39m         [36mconst[39m templateDia [33m=[39m template[33m.[39mrutinas_diarias[33m.[39mfind(
     [90m 28 |[39m             (d[33m:[39m any) [33m=>[39m d[33m.[39mejercicios_programados[33m?[39m[33m.[39mlength [33m>[39m [35m0[39m[0m

      at Object.<anonymous> (__tests__/unit/ejercicios.test.ts:25:28)
      at asyncGeneratorStep (node_modules/@babel/runtime/helpers/asyncToGenerator.js:3:17)
      at _next (node_modules/@babel/runtime/helpers/asyncToGenerator.js:17:9)

  ÔùÅ Nivel 2: Ejercicios Programados ÔÇ║ Ejercicio de Rutina Normal vs Plantilla ÔÇ║ datos de ejercicio normal deber├¡an diferir de plantilla

    No se encontr├│ rutina normal de test

    [0m [90m 23 |[39m
     [90m 24 |[39m         [36mif[39m ([33m![39mtemplate) [36mthrow[39m [36mnew[39m [33mError[39m([32m'No se encontr├│ plantilla de test'[39m)[33m;[39m
    [31m[1m>[22m[39m[90m 25 |[39m         [36mif[39m ([33m![39mnormal) [36mthrow[39m [36mnew[39m [33mError[39m([32m'No se encontr├│ rutina normal de test'[39m)[33m;[39m
     [90m    |[39m                            [31m[1m^[22m[39m
     [90m 26 |[39m
     [90m 27 |[39m         [36mconst[39m templateDia [33m=[39m template[33m.[39mrutinas_diarias[33m.[39mfind(
     [90m 28 |[39m             (d[33m:[39m any) [33m=>[39m d[33m.[39mejercicios_programados[33m?[39m[33m.[39mlength [33m>[39m [35m0[39m[0m

      at Object.<anonymous> (__tests__/unit/ejercicios.test.ts:25:28)
      at asyncGeneratorStep (node_modules/@babel/runtime/helpers/asyncToGenerator.js:3:17)
      at _next (node_modules/@babel/runtime/helpers/asyncToGenerator.js:17:9)

  console.error
    Error fetching weekly routine details: {
      code: '22P02',
      details: null,
      hint: null,
      message: 'invalid input syntax for type uuid: "null"'
    }

    [0m [90m 77 |[39m             [36mreturn[39m { data[33m,[39m error[33m:[39m [36mnull[39m }[33m;[39m
     [90m 78 |[39m         } [36mcatch[39m (error) {
    [31m[1m>[22m[39m[90m 79 |[39m             console[33m.[39merror([32m'Error fetching weekly routine details:'[39m[33m,[39m error)[33m;[39m
     [90m    |[39m                     [31m[1m^[22m[39m
     [90m 80 |[39m             [36mreturn[39m { data[33m:[39m [36mnull[39m[33m,[39m error }[33m;[39m
     [90m 81 |[39m         }
     [90m 82 |[39m     }[33m,[39m[0m

      at Object.error (src/services/RoutineService.ts:79:21)
      at asyncGeneratorStep (node_modules/@babel/runtime/helpers/asyncToGenerator.js:3:17)
      at _next (node_modules/@babel/runtime/helpers/asyncToGenerator.js:17:9)

  console.error
    Error fetching weekly routine details: {
      code: '22P02',
      details: null,
      hint: null,
      message: 'invalid input syntax for type uuid: "null"'
    }

    [0m [90m 77 |[39m             [36mreturn[39m { data[33m,[39m error[33m:[39m [36mnull[39m }[33m;[39m
     [90m 78 |[39m         } [36mcatch[39m (error) {
    [31m[1m>[22m[39m[90m 79 |[39m             console[33m.[39merror([32m'Error fetching weekly routine details:'[39m[33m,[39m error)[33m;[39m
     [90m    |[39m                     [31m[1m^[22m[39m
     [90m 80 |[39m             [36mreturn[39m { data[33m:[39m [36mnull[39m[33m,[39m error }[33m;[39m
     [90m 81 |[39m         }
     [90m 82 |[39m     }[33m,[39m[0m

      at Object.error (src/services/RoutineService.ts:79:21)
      at asyncGeneratorStep (node_modules/@babel/runtime/helpers/asyncToGenerator.js:3:17)
      at _next (node_modules/@babel/runtime/helpers/asyncToGenerator.js:17:9)

  console.error
    Error fetching weekly routine details: {
      code: '22P02',
      details: null,
      hint: null,
      message: 'invalid input syntax for type uuid: "null"'
    }

    [0m [90m 77 |[39m             [36mreturn[39m { data[33m,[39m error[33m:[39m [36mnull[39m }[33m;[39m
     [90m 78 |[39m         } [36mcatch[39m (error) {
    [31m[1m>[22m[39m[90m 79 |[39m             console[33m.[39merror([32m'Error fetching weekly routine details:'[39m[33m,[39m error)[33m;[39m
     [90m    |[39m                     [31m[1m^[22m[39m
     [90m 80 |[39m             [36mreturn[39m { data[33m:[39m [36mnull[39m[33m,[39m error }[33m;[39m
     [90m 81 |[39m         }
     [90m 82 |[39m     }[33m,[39m[0m

      at Object.error (src/services/RoutineService.ts:79:21)
      at asyncGeneratorStep (node_modules/@babel/runtime/helpers/asyncToGenerator.js:3:17)
      at _next (node_modules/@babel/runtime/helpers/asyncToGenerator.js:17:9)

  console.error
    Error fetching weekly routine details: {
      code: '22P02',
      details: null,
      hint: null,
      message: 'invalid input syntax for type uuid: "null"'
    }

    [0m [90m 77 |[39m             [36mreturn[39m { data[33m,[39m error[33m:[39m [36mnull[39m }[33m;[39m
     [90m 78 |[39m         } [36mcatch[39m (error) {
    [31m[1m>[22m[39m[90m 79 |[39m             console[33m.[39merror([32m'Error fetching weekly routine details:'[39m[33m,[39m error)[33m;[39m
     [90m    |[39m                     [31m[1m^[22m[39m
     [90m 80 |[39m             [36mreturn[39m { data[33m:[39m [36mnull[39m[33m,[39m error }[33m;[39m
     [90m 81 |[39m         }
     [90m 82 |[39m     }[33m,[39m[0m

      at Object.error (src/services/RoutineService.ts:79:21)
      at asyncGeneratorStep (node_modules/@babel/runtime/helpers/asyncToGenerator.js:3:17)
      at _next (node_modules/@babel/runtime/helpers/asyncToGenerator.js:17:9)

  console.log
    === DONE MOCK DATA INSERTION ===

      at log (__tests__/setup/resetDB.js:140:17)

  console.error
    Error setting active routine: {
      code: '22P02',
      details: null,
      hint: null,
      message: 'invalid input syntax for type uuid: "null"'
    }

    [0m [90m 688 |[39m             [36mreturn[39m { data[33m,[39m error[33m:[39m [36mnull[39m }[33m;[39m
     [90m 689 |[39m         } [36mcatch[39m (error) {
    [31m[1m>[22m[39m[90m 690 |[39m             console[33m.[39merror([32m'Error setting active routine:'[39m[33m,[39m error)[33m;[39m
     [90m     |[39m                     [31m[1m^[22m[39m
     [90m 691 |[39m             [36mreturn[39m { data[33m:[39m [36mnull[39m[33m,[39m error }[33m;[39m
     [90m 692 |[39m         }
     [90m 693 |[39m     }[33m,[39m[0m

      at Object.error (src/services/RoutineService.ts:690:21)
      at asyncGeneratorStep (node_modules/@babel/runtime/helpers/asyncToGenerator.js:3:17)
      at _next (node_modules/@babel/runtime/helpers/asyncToGenerator.js:17:9)

  console.error
    Error fetching weekly routine details: {
      code: '22P02',
      details: null,
      hint: null,
      message: 'invalid input syntax for type uuid: "null"'
    }

    [0m [90m 77 |[39m             [36mreturn[39m { data[33m,[39m error[33m:[39m [36mnull[39m }[33m;[39m
     [90m 78 |[39m         } [36mcatch[39m (error) {
    [31m[1m>[22m[39m[90m 79 |[39m             console[33m.[39merror([32m'Error fetching weekly routine details:'[39m[33m,[39m error)[33m;[39m
     [90m    |[39m                     [31m[1m^[22m[39m
     [90m 80 |[39m             [36mreturn[39m { data[33m:[39m [36mnull[39m[33m,[39m error }[33m;[39m
     [90m 81 |[39m         }
     [90m 82 |[39m     }[33m,[39m[0m

      at Object.error (src/services/RoutineService.ts:79:21)
      at asyncGeneratorStep (node_modules/@babel/runtime/helpers/asyncToGenerator.js:3:17)
      at _next (node_modules/@babel/runtime/helpers/asyncToGenerator.js:17:9)

FAIL __tests__/flows/flow7-8-routineManagement.test.ts
  Flow 7-8: Crear Rutina desde Plantilla y Gesti├│n
    Flujo 7: createRoutineFromTemplate
      ├ù deber├¡a crear rutina desde plantilla con todos los datos correctos (174 ms)
      ├ù deber├¡a establecer copiada_de_id con el ID de la plantilla (107 ms)
      ├ù deber├¡a establecer fecha_inicio_semana al lunes de la semana actual (110 ms)
    Flujo 7: Copia de d├¡as y ejercicios
      ├ù deber├¡a copiar todos los d├¡as de la plantilla (121 ms)
      ├ù deber├¡a copiar ejercicios programados (191 ms)
      ├ù deber├¡a copiar series para cada ejercicio (420 ms)
      ÔêÜ si plantilla no tiene series, deber├¡a crear 3 vac├¡as por defecto
    Flujo 8: Gesti├│n de rutinas
      ├ù deber├¡a poder activar una rutina (233 ms)
      ├ù solo una rutina deber├¡a estar activa a la vez (94 ms)
      ÔêÜ plantillas nunca deber├¡an estar activas (96 ms)
    Flujo 8: Nomenclatura de plantillas
      ÔêÜ crear plantilla deber├¡a a├▒adir prefijo Plantilla_ (101 ms)
      ├ù al usar plantilla, nombre no deber├¡a tener " - Copia" (102 ms)

  ÔùÅ Flow 7-8: Crear Rutina desde Plantilla y Gesti├│n ÔÇ║ Flujo 7: createRoutineFromTemplate ÔÇ║ deber├¡a crear rutina desde plantilla con todos los datos correctos

    expect(received).toBeNull()

    Received: [Error: Template not found]

    [0m [90m 45 |[39m             )[33m;[39m
     [90m 46 |[39m
    [31m[1m>[22m[39m[90m 47 |[39m             expect(error)[33m.[39mtoBeNull()[33m;[39m
     [90m    |[39m                           [31m[1m^[22m[39m
     [90m 48 |[39m             expect(data)[33m.[39mtoBeDefined()[33m;[39m
     [90m 49 |[39m
     [90m 50 |[39m             createdRoutineId [33m=[39m data[33m![39m[33m.[39mid[33m;[39m[0m

      at Object.toBeNull (__tests__/flows/flow7-8-routineManagement.test.ts:47:27)
      at asyncGeneratorStep (node_modules/@babel/runtime/helpers/asyncToGenerator.js:3:17)
      at _next (node_modules/@babel/runtime/helpers/asyncToGenerator.js:17:9)

  ÔùÅ Flow 7-8: Crear Rutina desde Plantilla y Gesti├│n ÔÇ║ Flujo 7: createRoutineFromTemplate ÔÇ║ deber├¡a establecer copiada_de_id con el ID de la plantilla

    TypeError: Cannot read properties of null (reading 'copiada_de_id')

    [0m [90m 60 |[39m
     [90m 61 |[39m             expect(data)[33m.[39mtoBeDefined()[33m;[39m
    [31m[1m>[22m[39m[90m 62 |[39m             expect(data[33m![39m[33m.[39mcopiada_de_id)[33m.[39mtoBe(templateId)[33m;[39m
     [90m    |[39m                          [31m[1m^[22m[39m
     [90m 63 |[39m         })[33m;[39m
     [90m 64 |[39m
     [90m 65 |[39m         it([32m'deber├¡a establecer fecha_inicio_semana al lunes de la semana actual'[39m[33m,[39m [36masync[39m () [33m=>[39m {[0m

      at Object.copiada_de_id (__tests__/flows/flow7-8-routineManagement.test.ts:62:26)
      at asyncGeneratorStep (node_modules/@babel/runtime/helpers/asyncToGenerator.js:3:17)
      at _next (node_modules/@babel/runtime/helpers/asyncToGenerator.js:17:9)

  ÔùÅ Flow 7-8: Crear Rutina desde Plantilla y Gesti├│n ÔÇ║ Flujo 7: createRoutineFromTemplate ÔÇ║ deber├¡a establecer fecha_inicio_semana al lunes de la semana actual

    TypeError: Cannot read properties of null (reading 'fecha_inicio_semana')

    [0m [90m 67 |[39m
     [90m 68 |[39m             expect(data)[33m.[39mtoBeDefined()[33m;[39m
    [31m[1m>[22m[39m[90m 69 |[39m             expect(data[33m![39m[33m.[39mfecha_inicio_semana)[33m.[39mnot[33m.[39mtoBeNull()[33m;[39m
     [90m    |[39m                          [31m[1m^[22m[39m
     [90m 70 |[39m
     [90m 71 |[39m             [90m// Verificar que es un lunes[39m
     [90m 72 |[39m             [36mconst[39m fechaInicio [33m=[39m [36mnew[39m [33mDate[39m(data[33m![39m[33m.[39mfecha_inicio_semana)[33m;[39m[0m

      at Object.fecha_inicio_semana (__tests__/flows/flow7-8-routineManagement.test.ts:69:26)
      at asyncGeneratorStep (node_modules/@babel/runtime/helpers/asyncToGenerator.js:3:17)
      at _next (node_modules/@babel/runtime/helpers/asyncToGenerator.js:17:9)

  ÔùÅ Flow 7-8: Crear Rutina desde Plantilla y Gesti├│n ÔÇ║ Flujo 7: Copia de d├¡as y ejercicios ÔÇ║ deber├¡a copiar todos los d├¡as de la plantilla

    TypeError: Cannot read properties of null (reading 'rutinas_diarias')

    [0m [90m 80 |[39m
     [90m 81 |[39m             expect(data)[33m.[39mtoBeDefined()[33m;[39m
    [31m[1m>[22m[39m[90m 82 |[39m             expect(data[33m![39m[33m.[39mrutinas_diarias)[33m.[39mtoBeDefined()[33m;[39m
     [90m    |[39m                          [31m[1m^[22m[39m
     [90m 83 |[39m             expect(data[33m![39m[33m.[39mrutinas_diarias[33m.[39mlength)[33m.[39mtoBe([35m7[39m)[33m;[39m
     [90m 84 |[39m         })[33m;[39m
     [90m 85 |[39m[0m

      at Object.rutinas_diarias (__tests__/flows/flow7-8-routineManagement.test.ts:82:26)
      at asyncGeneratorStep (node_modules/@babel/runtime/helpers/asyncToGenerator.js:3:17)
      at _next (node_modules/@babel/runtime/helpers/asyncToGenerator.js:17:9)

  ÔùÅ Flow 7-8: Crear Rutina desde Plantilla y Gesti├│n ÔÇ║ Flujo 7: Copia de d├¡as y ejercicios ÔÇ║ deber├¡a copiar ejercicios programados

    TypeError: Cannot read properties of null (reading 'rutinas_diarias')

    [0m [90m  96 |[39m             [90m// Contar ejercicios en nueva rutina[39m
     [90m  97 |[39m             [36mlet[39m ejerciciosNueva [33m=[39m [35m0[39m[33m;[39m
    [31m[1m>[22m[39m[90m  98 |[39m             data[33m![39m[33m.[39mrutinas_diarias[33m.[39mforEach((d[33m:[39m any) [33m=>[39m {
     [90m     |[39m                   [31m[1m^[22m[39m
     [90m  99 |[39m                 ejerciciosNueva [33m+=[39m (d[33m.[39mejercicios_programados[33m?[39m[33m.[39mlength [33m||[39m [35m0[39m)[33m;[39m
     [90m 100 |[39m             })[33m;[39m
     [90m 101 |[39m[0m

      at Object.rutinas_diarias (__tests__/flows/flow7-8-routineManagement.test.ts:98:19)
      at asyncGeneratorStep (node_modules/@babel/runtime/helpers/asyncToGenerator.js:3:17)
      at _next (node_modules/@babel/runtime/helpers/asyncToGenerator.js:17:9)

  ÔùÅ Flow 7-8: Crear Rutina desde Plantilla y Gesti├│n ÔÇ║ Flujo 7: Copia de d├¡as y ejercicios ÔÇ║ deber├¡a copiar series para cada ejercicio

    TypeError: Cannot read properties of null (reading 'rutinas_diarias')

    [0m [90m 107 |[39m
     [90m 108 |[39m             [90m// Buscar un d├¡a con ejercicios[39m
    [31m[1m>[22m[39m[90m 109 |[39m             [36mconst[39m diaConEjercicios [33m=[39m data[33m![39m[33m.[39mrutinas_diarias[33m.[39mfind(
     [90m     |[39m                                            [31m[1m^[22m[39m
     [90m 110 |[39m                 (d[33m:[39m any) [33m=>[39m d[33m.[39mejercicios_programados[33m?[39m[33m.[39mlength [33m>[39m [35m0[39m
     [90m 111 |[39m             )[33m;[39m
     [90m 112 |[39m[0m

      at Object.rutinas_diarias (__tests__/flows/flow7-8-routineManagement.test.ts:109:44)
      at asyncGeneratorStep (node_modules/@babel/runtime/helpers/asyncToGenerator.js:3:17)
      at _next (node_modules/@babel/runtime/helpers/asyncToGenerator.js:17:9)

  ÔùÅ Flow 7-8: Crear Rutina desde Plantilla y Gesti├│n ÔÇ║ Flujo 8: Gesti├│n de rutinas ÔÇ║ deber├¡a poder activar una rutina

    expect(received).toBeNull()

    Received: {"code": "22P02", "details": null, "hint": null, "message": "invalid input syntax for type uuid: \"null\""}

    [0m [90m 137 |[39m             )[33m;[39m
     [90m 138 |[39m
    [31m[1m>[22m[39m[90m 139 |[39m             expect(error)[33m.[39mtoBeNull()[33m;[39m
     [90m     |[39m                           [31m[1m^[22m[39m
     [90m 140 |[39m             expect(data)[33m.[39mtoBeDefined()[33m;[39m
     [90m 141 |[39m             expect(data[33m![39m[33m.[39mactiva)[33m.[39mtoBe([36mtrue[39m)[33m;[39m
     [90m 142 |[39m         })[33m;[39m[0m

      at Object.toBeNull (__tests__/flows/flow7-8-routineManagement.test.ts:139:27)
      at asyncGeneratorStep (node_modules/@babel/runtime/helpers/asyncToGenerator.js:3:17)
      at _next (node_modules/@babel/runtime/helpers/asyncToGenerator.js:17:9)

  ÔùÅ Flow 7-8: Crear Rutina desde Plantilla y Gesti├│n ÔÇ║ Flujo 8: Gesti├│n de rutinas ÔÇ║ solo una rutina deber├¡a estar activa a la vez

    expect(received).toBe(expected) // Object.is equality

    Expected: 1
    Received: 0

    [0m [90m 146 |[39m
     [90m 147 |[39m             [36mconst[39m activas [33m=[39m routines[33m![39m[33m.[39mfilter(r [33m=>[39m r[33m.[39mactiva [33m&&[39m [33m![39mr[33m.[39mes_plantilla)[33m;[39m
    [31m[1m>[22m[39m[90m 148 |[39m             expect(activas[33m.[39mlength)[33m.[39mtoBe([35m1[39m)[33m;[39m
     [90m     |[39m                                    [31m[1m^[22m[39m
     [90m 149 |[39m         })[33m;[39m
     [90m 150 |[39m
     [90m 151 |[39m         it([32m'plantillas nunca deber├¡an estar activas'[39m[33m,[39m [36masync[39m () [33m=>[39m {[0m

      at Object.toBe (__tests__/flows/flow7-8-routineManagement.test.ts:148:36)
      at asyncGeneratorStep (node_modules/@babel/runtime/helpers/asyncToGenerator.js:3:17)
      at _next (node_modules/@babel/runtime/helpers/asyncToGenerator.js:17:9)

  ÔùÅ Flow 7-8: Crear Rutina desde Plantilla y Gesti├│n ÔÇ║ Flujo 8: Nomenclatura de plantillas ÔÇ║ al usar plantilla, nombre no deber├¡a tener " - Copia"

    TypeError: Cannot read properties of null (reading 'nombre')

    [0m [90m 170 |[39m
     [90m 171 |[39m             [90m// El nombre no deber├¡a terminar con " - Copia"[39m
    [31m[1m>[22m[39m[90m 172 |[39m             expect(data[33m![39m[33m.[39mnombre[33m.[39mendsWith([32m' - Copia'[39m))[33m.[39mtoBe([36mfalse[39m)[33m;[39m
     [90m     |[39m                          [31m[1m^[22m[39m
     [90m 173 |[39m         })[33m;[39m
     [90m 174 |[39m     })[33m;[39m
     [90m 175 |[39m })[33m;[39m[0m

      at Object.nombre (__tests__/flows/flow7-8-routineManagement.test.ts:172:26)
      at asyncGeneratorStep (node_modules/@babel/runtime/helpers/asyncToGenerator.js:3:17)
      at _next (node_modules/@babel/runtime/helpers/asyncToGenerator.js:17:9)

PASS __tests__/unit/workoutWeeklyProgression.test.ts (6.571 s)
  Nivel 5: Progresi├│n Semanal de Entrenamientos
    ÔêÜ Fase 1: Encontrar un d├¡a de la rutina normal y crear un entrenamiento limpio (792 ms)
    ÔêÜ Fase 2: A├▒adir datos reales (series) al entrenamiento de la Semana 1 (523 ms)
    ÔêÜ Fase 3: Completar el entrenamiento de la Semana 1 (94 ms)
    ÔêÜ Fase 4: Iniciar la Semana 2 - Deber├¡a crear nuevo entrenamiento y copiar el historial (691 ms)
    ÔêÜ Fase 5: Cleanup del test (106 ms)

Test Suites: 8 failed, 2 passed, 10 total
Tests:       76 failed, 9 passed, 85 total
Snapshots:   0 total
Time:        7.11 s, estimated 9 s
Ran all test suites.
